This is pdfTeX, Version 3.141592653-2.6-1.40.29 (TeX Live 2026) (preloaded format=pdflatex 2026.5.16)  20 MAY 2026 19:48
entering extended mode
 restricted \write18 enabled.
 %&-line parsing enabled.
**main.tex
(./main.tex
LaTeX2e <2025-11-01>
L3 programming layer <2026-04-28>
(./ijcs_template/Optimal-Design-layout/USG.cls

LaTeX Warning: You have requested document class `ijcs_template/Optimal-Design-layout/USG',
               but the document class provides `USG'.

Document Class: USG 2024/05/07 v6.0 Standard LaTeX document class for Journal
\job@temptoken=\toks17
(/home/dkj/.TinyTeX/texmf-dist/tex/latex/base/article.cls
Document Class: article 2025/01/22 v1.4n Standard LaTeX document class
(/home/dkj/.TinyTeX/texmf-dist/tex/latex/base/fleqn.clo
File: fleqn.clo 2016/12/29 v1.2b Standard LaTeX option (flush left equations)
\mathindent=\skip49
Applying: [2015/01/01] Make \[ robust on input line 50.
LaTeX Info: Redefining \[ on input line 51.
Already applied: [0000/00/00] Make \[ robust on input line 62.
Applying: [2015/01/01] Make \] robust on input line 74.
LaTeX Info: Redefining \] on input line 75.
Already applied: [0000/00/00] Make \] robust on input line 83.
) (/home/dkj/.TinyTeX/texmf-dist/tex/latex/base/size10.clo
File: size10.clo 2025/01/22 v1.4n Standard LaTeX file (size option)
)
\c@part=\count276
\c@section=\count277
\c@subsection=\count278
\c@subsubsection=\count279
\c@paragraph=\count280
\c@subparagraph=\count281
\c@figure=\count282
\c@table=\count283
\abovecaptionskip=\skip50
\belowcaptionskip=\skip51
\bibindent=\dimen150
) (/home/dkj/.TinyTeX/texmf-dist/tex/latex/dashrule/dashrule.sty
Package: dashrule 2013/03/28 v1.3 Dashed rules
 (/home/dkj/.TinyTeX/texmf-dist/tex/latex/ifmtarg/ifmtarg.sty
Package: ifmtarg 2018/04/16 v1.2b check for an empty argument
)
\c@hdr@segments=\count284
) (/home/dkj/.TinyTeX/texmf-dist/tex/latex/etex-pkg/etex.sty
Package: etex 2016/08/01 v2.7 eTeX basic definition package (PEB,DPC)


Package etex Warning: Extended allocation already in use.
(etex)                etex.sty code will not be used.
(etex)                To force etex package to load, add
(etex)                \RequirePackage{etex}
(etex)                at the start of the document.

) (/home/dkj/.TinyTeX/texmf-dist/tex/latex/graphics/graphicx.sty
Package: graphicx 2024/12/31 v1.2e Enhanced LaTeX Graphics (DPC,SPQR)
 (/home/dkj/.TinyTeX/texmf-dist/tex/latex/graphics/keyval.sty
Package: keyval 2022/05/29 v1.15 key=value parser (DPC)
\KV@toks@=\toks18
) (/home/dkj/.TinyTeX/texmf-dist/tex/latex/graphics/graphics.sty
Package: graphics 2024/08/06 v1.4g Standard LaTeX Graphics (DPC,SPQR)
 (/home/dkj/.TinyTeX/texmf-dist/tex/latex/graphics/trig.sty
Package: trig 2023/12/02 v1.11 sin cos tan (DPC)
) (/home/dkj/.TinyTeX/texmf-dist/tex/latex/graphics-cfg/graphics.cfg
File: graphics.cfg 2016/06/04 v1.11 sample graphics configuration
)
Package graphics Info: Driver file: pdftex.def on input line 106.
 (/home/dkj/.TinyTeX/texmf-dist/tex/latex/graphics-def/pdftex.def
File: pdftex.def 2025/09/29 v1.2d Graphics/color driver for pdftex
))
\Gin@req@height=\dimen151
\Gin@req@width=\dimen152
) (/home/dkj/.TinyTeX/texmf-dist/tex/latex/tools/multicol.sty
Package: multicol 2025/10/21 v2.0b multicolumn formatting (FMi)
\c@tracingmulticols=\count285


Package multicol Warning: May not work with the twocolumn option on input line 145.

\mult@box=\box53
\multicol@leftmargin=\dimen153
\c@unbalance=\count286
\c@collectmore=\count287
\doublecol@number=\count288
\multicoltolerance=\count289
\multicolpretolerance=\count290
\full@width=\dimen154
\page@free=\dimen155
\premulticols=\dimen156
\postmulticols=\dimen157
\multicolsep=\skip52
\multicolbaselineskip=\skip53
\partial@page=\box54
\last@line=\box55
\mc@boxedresult=\box56
\maxbalancingoverflow=\dimen158
\mult@rightbox=\box57
\mult@grightbox=\box58
\mult@firstbox=\box59
\mult@gfirstbox=\box60
\@tempa=\box61
\@tempa=\box62
\@tempa=\box63
\@tempa=\box64
\@tempa=\box65
\@tempa=\box66
\@tempa=\box67
\@tempa=\box68
\@tempa=\box69
\@tempa=\box70
\@tempa=\box71
\@tempa=\box72
\@tempa=\box73
\@tempa=\box74
\@tempa=\box75
\@tempa=\box76
\@tempa=\box77
\@tempa=\box78
\@tempa=\box79
\@tempa=\box80
\@tempa=\box81
\@tempa=\box82
\@tempa=\box83
\@tempa=\box84
\@tempa=\box85
\@tempa=\box86
\@tempa=\box87
\@tempa=\box88
\@tempa=\box89
\@tempa=\box90
\@tempa=\box91
\@tempa=\box92
\@tempa=\box93
\@tempa=\box94
\@tempa=\box95
\@tempa=\box96
\c@minrows=\count291
\c@columnbadness=\count292
\c@finalcolumnbadness=\count293
\last@try=\dimen159
\multicolovershoot=\dimen160
\multicolundershoot=\dimen161
\mult@nat@firstbox=\box97
\colbreak@box=\box98
\mc@col@check@num=\count294
\g__mc_curr_col_int=\count295
) (/home/dkj/.TinyTeX/texmf-dist/tex/latex/multirow/multirow.sty
Package: multirow 2024/11/12 v2.9 Span multiple rows of a table
\multirow@colwidth=\skip54
\multirow@cntb=\count296
\multirow@dima=\skip55
\bigstrutjot=\dimen162
) (/home/dkj/.TinyTeX/texmf-dist/tex/latex/sttools/cuted.sty
Package: cuted 2025/12/15 v2.10 Mixing onecolumn and twocolumn modes (ST)
\At@ViperColsBreak=\toks19
\preCutedStrip=\toks20
\postCutedStrip=\toks21
\cuted@@tempbox@a=\box99
\cuted@@tempbox@c=\box100
\cuted@@tempbox@var=\box101
\hold@viper=\box102
\@viper=\box103
\cuted@@varbox@a=\box104
\cuted@@varbox@c=\box105
\cuted@@tempdim@spread=\dimen163
\cuted@@tempdim@a=\dimen164
\cuted@@tempdim@b=\dimen165
\ht@hold@viper=\dimen166
\ht@viper=\dimen167
\var@@pagediscards@ht=\dimen168
\stripsep=\skip56
\viper@penalty=\count297
\strip@page@discards=\dimen169
) (/home/dkj/.TinyTeX/texmf-dist/tex/generic/iftex/ifpdf.sty
Package: ifpdf 2019/10/25 v3.4 ifpdf legacy package. Use iftex instead.
 (/home/dkj/.TinyTeX/texmf-dist/tex/generic/iftex/iftex.sty
Package: iftex 2024/12/12 v1.0g TeX engine tests
)) (/home/dkj/.TinyTeX/texmf-dist/tex/latex/url/url.sty
\Urlmuskip=\muskip17
Package: url 2013/09/16  ver 3.4  Verb mode for urls, etc.
) (/home/dkj/.TinyTeX/texmf-dist/tex/latex/changepage/changepage.sty
Package: changepage 2009/10/20 v1.0c check page and change page layout
\c@cp@cntr=\count298
\cp@tempcnt=\count299
) (/home/dkj/.TinyTeX/texmf-dist/tex/latex/tools/calc.sty
Package: calc 2025/03/01 v4.3b Infix arithmetic (KKT,FJ)
\calc@Acount=\count300
\calc@Bcount=\count301
\calc@Adimen=\dimen170
\calc@Bdimen=\dimen171
\calc@Askip=\skip57
\calc@Bskip=\skip58
LaTeX Info: Redefining \setlength on input line 86.
LaTeX Info: Redefining \addtolength on input line 87.
\calc@Ccount=\count302
\calc@Cskip=\skip59
) (/home/dkj/.TinyTeX/texmf-dist/tex/latex/xcolor/xcolor.sty
Package: xcolor 2024/09/29 v3.02 LaTeX color extensions (UK)
 (/home/dkj/.TinyTeX/texmf-dist/tex/latex/graphics-cfg/color.cfg
File: color.cfg 2016/01/02 v1.6 sample color configuration
)
Package xcolor Info: Driver file: pdftex.def on input line 274.
 (/home/dkj/.TinyTeX/texmf-dist/tex/latex/graphics/mathcolor.ltx)
Package xcolor Info: Model `cmy' substituted by `cmy0' on input line 1349.
Package xcolor Info: Model `hsb' substituted by `rgb' on input line 1353.
Package xcolor Info: Model `RGB' extended on input line 1365.
Package xcolor Info: Model `HTML' substituted by `rgb' on input line 1367.
Package xcolor Info: Model `Hsb' substituted by `hsb' on input line 1368.
Package xcolor Info: Model `tHsb' substituted by `hsb' on input line 1369.
Package xcolor Info: Model `HSB' substituted by `hsb' on input line 1370.
Package xcolor Info: Model `Gray' substituted by `gray' on input line 1371.
Package xcolor Info: Model `wave' substituted by `hsb' on input line 1372.
) (/home/dkj/.TinyTeX/texmf-dist/tex/latex/float/float.sty
Package: float 2001/11/08 v1.3d Float enhancements (AL)
\c@float@type=\count303
\float@exts=\toks22
\float@box=\box106
\@float@everytoks=\toks23
\@floatcapt=\box107
) (/home/dkj/.TinyTeX/texmf-dist/tex/latex/sttools/floatpag.sty
Package: floatpag 2021/10/04 v2.0 Different pagestyles on float pages
) (/home/dkj/.TinyTeX/texmf-dist/tex/latex/dblfloatfix/dblfloatfix.sty
Package: dblfloatfix 2012/12/31 v1.0a (JAW)
 (/home/dkj/.TinyTeX/texmf-dist/tex/latex/base/fixltx2e.sty
Package: fixltx2e 2016/12/29 v2.1a fixes to LaTeX (obsolete)
Applying: [2015/01/01] Old fixltx2e package on input line 46.


Package fixltx2e Warning: fixltx2e is not required with releases after 2015
(fixltx2e)                All fixes are now in the LaTeX kernel.
(fixltx2e)                See the latexrelease package for details.

Already applied: [0000/00/00] Old fixltx2e package on input line 53.
)
\@dblbotnum=\count304
\c@dblbotnumber=\count305
) (/home/dkj/.TinyTeX/texmf-dist/tex/latex/graphics/rotating.sty
Package: rotating 2025/01/14 v2.16e rotated objects in LaTeX
 (/home/dkj/.TinyTeX/texmf-dist/tex/latex/base/ifthen.sty
Package: ifthen 2024/03/16 v1.1e Standard LaTeX ifthen package (DPC)
)
\c@r@tfl@t=\count306
\rotFPtop=\skip60
\rotFPbot=\skip61
\rot@float@box=\box108
\rot@mess@toks=\toks24
) (/home/dkj/.TinyTeX/texmf-dist/tex/generic/ulem/ulem.sty
\UL@box=\box109
\UL@hyphenbox=\box110
\UL@skip=\skip62
\UL@hook=\toks25
\UL@height=\dimen172
\UL@pe=\count307
\UL@pixel=\dimen173
\ULC@box=\box111
Package: ulem 2019/11/18
\ULdepth=\dimen174
) (/home/dkj/.TinyTeX/texmf-dist/tex/latex/tools/enumerate.sty
Package: enumerate 2023/07/04 v3.00 enumerate extensions (DPC)
\@enLab=\toks26
) (/home/dkj/.TinyTeX/texmf-dist/tex/generic/soul/soul.sty
Package: soul 2026-03-06 v3.2 Permit use of UTF-8 characters in soul (HO)
 (/home/dkj/.TinyTeX/texmf-dist/tex/generic/soul/soul-ori.sty
Package: soul-ori 2026-03-06 v3.2 letterspacing/underlining (mf)
\SOUL@word=\toks27
\SOUL@lasttoken=\toks28
\SOUL@syllable=\toks29
\SOUL@cmds=\toks30
\SOUL@buffer=\toks31
\SOUL@token=\toks32
\SOUL@syllgoal=\dimen175
\SOUL@syllwidth=\dimen176
\SOUL@charkern=\dimen177
\SOUL@hyphkern=\dimen178
\SOUL@dimen=\dimen179
\SOUL@dimeni=\dimen180
\SOUL@minus=\count308
\SOUL@comma=\count309
\SOUL@apo=\count310
\SOUL@grave=\count311
\SOUL@spaceskip=\skip63
\SOUL@ttwidth=\dimen181
\SOUL@uldp=\dimen182
\SOUL@ulht=\dimen183
) (/home/dkj/.TinyTeX/texmf-dist/tex/generic/infwarerr/infwarerr.sty
Package: infwarerr 2019/12/03 v1.5 Providing info/warning/error messages (HO)
) (/home/dkj/.TinyTeX/texmf-dist/tex/generic/etexcmds/etexcmds.sty
Package: etexcmds 2019/12/15 v1.7 Avoid name clashes with e-TeX commands (HO)
)) (./ijcs_template/Optimal-Design-layout/LETTERSP.STY
\naturalwidth=\dimen184
\naturaldepth=\dimen185
\naturalheight=\dimen186
\l@tterspacebox=\box112
\l@tterspacetoks=\toks33
) (/home/dkj/.TinyTeX/texmf-dist/tex/generic/babel/babel.sty
Package: babel 2026/05/03 v26.7 The multilingual framework for LuaLaTeX, pdfLaTeX and XeLaTeX
\babel@savecnt=\count312
LaTeX Encoding Info:    Redeclaring text command \ij (encoding OT1) on input line 2080.
LaTeX Encoding Info:    Redeclaring text command \IJ (encoding OT1) on input line 2082.
LaTeX Encoding Info:    Redeclaring text command \ij (encoding T1) on input line 2084.
LaTeX Encoding Info:    Redeclaring text command \IJ (encoding T1) on input line 2085.
LaTeX Encoding Info:    Ignoring declaration for text command \ij (encoding ?) on input line 2086.
LaTeX Encoding Info:    Ignoring declaration for text command \IJ (encoding ?) on input line 2088.
LaTeX Encoding Info:    Ignoring declaration for text command \SS (encoding ?) on input line 2113.
\U@D=\dimen187
\l@unhyphenated=\language5
 (/home/dkj/.TinyTeX/texmf-dist/tex/generic/babel/txtbabel.def)
\bbl@readstream=\read2
\bbl@dirlevel=\count313
 (/home/dkj/.TinyTeX/texmf-dist/tex/generic/babel/locale/en/babel-english.tex)
Package babel Info: Importing font and identification data for english
(babel)             from babel-en.ini. Reported on input line 4348.
 (/home/dkj/.TinyTeX/texmf-dist/tex/generic/babel-english/english.ldf
Language: english 2017/06/06 v3.3r English support from the babel system
Package babel Info: Hyphen rules for 'canadian' set to \l@english
(babel)             (\language0). Reported on input line 102.
Package babel Info: Hyphen rules for 'australian' set to \l@ukenglish
(babel)             (\language3). Reported on input line 105.
Package babel Info: Hyphen rules for 'newzealand' set to \l@ukenglish
(babel)             (\language3). Reported on input line 108.
)) (/home/dkj/.TinyTeX/texmf-dist/tex/latex/hyperref/hyperref.sty
Package: hyperref 2026-04-24 v7.01q Hypertext links for LaTeX
 (/home/dkj/.TinyTeX/texmf-dist/tex/latex/kvsetkeys/kvsetkeys.sty
Package: kvsetkeys 2022-10-05 v1.19 Key value parser (HO)
) (/home/dkj/.TinyTeX/texmf-dist/tex/generic/kvdefinekeys/kvdefinekeys.sty
Package: kvdefinekeys 2019-12-19 v1.6 Define keys (HO)
) (/home/dkj/.TinyTeX/texmf-dist/tex/generic/pdfescape/pdfescape.sty
Package: pdfescape 2019/12/09 v1.15 Implements pdfTeX's escape features (HO)
 (/home/dkj/.TinyTeX/texmf-dist/tex/generic/ltxcmds/ltxcmds.sty
Package: ltxcmds 2023-12-04 v1.26 LaTeX kernel commands for general use (HO)
) (/home/dkj/.TinyTeX/texmf-dist/tex/generic/pdftexcmds/pdftexcmds.sty
Package: pdftexcmds 2020-06-27 v0.33 Utility functions of pdfTeX for LuaTeX (HO)
Package pdftexcmds Info: \pdf@primitive is available.
Package pdftexcmds Info: \pdf@ifprimitive is available.
Package pdftexcmds Info: \pdfdraftmode found.
)) (/home/dkj/.TinyTeX/texmf-dist/tex/latex/hycolor/hycolor.sty
Package: hycolor 2020-01-27 v1.10 Color options for hyperref/bookmark (HO)
) (/home/dkj/.TinyTeX/texmf-dist/tex/latex/hyperref/nameref.sty
Package: nameref 2026-01-29 v2.58 Cross-referencing by name of section
 (/home/dkj/.TinyTeX/texmf-dist/tex/latex/refcount/refcount.sty
Package: refcount 2019/12/15 v3.6 Data extraction from label references (HO)
) (/home/dkj/.TinyTeX/texmf-dist/tex/generic/gettitlestring/gettitlestring.sty
Package: gettitlestring 2019/12/15 v1.6 Cleanup title references (HO)
 (/home/dkj/.TinyTeX/texmf-dist/tex/latex/kvoptions/kvoptions.sty
Package: kvoptions 2022-06-15 v3.15 Key value format for package options (HO)
))
\c@section@level=\count314
) (/home/dkj/.TinyTeX/texmf-dist/tex/latex/etoolbox/etoolbox.sty
Package: etoolbox 2025/10/02 v2.5m e-TeX tools for LaTeX (JAW)
\etb@tempcnta=\count315
) (/home/dkj/.TinyTeX/texmf-dist/tex/generic/stringenc/stringenc.sty
Package: stringenc 2019/11/29 v1.12 Convert strings between diff. encodings (HO)
)
\@linkdim=\dimen188
\Hy@linkcounter=\count316
\Hy@pagecounter=\count317
 (/home/dkj/.TinyTeX/texmf-dist/tex/latex/hyperref/pd1enc.def
File: pd1enc.def 2026-04-24 v7.01q Hyperref: PDFDocEncoding definition (HO)
Now handling font encoding PD1 ...
... no UTF-8 mapping file for font encoding PD1
) (/home/dkj/.TinyTeX/texmf-dist/tex/generic/intcalc/intcalc.sty
Package: intcalc 2019/12/15 v1.3 Expandable calculations with integers (HO)
)
\Hy@SavedSpaceFactor=\count318
 (/home/dkj/.TinyTeX/texmf-dist/tex/latex/hyperref/puenc.def
File: puenc.def 2026-04-24 v7.01q Hyperref: PDF Unicode definition (HO)
Now handling font encoding PU ...
... no UTF-8 mapping file for font encoding PU
)
Package hyperref Info: Hyper figures OFF on input line 4199.
Package hyperref Info: Link nesting OFF on input line 4204.
Package hyperref Info: Hyper index ON on input line 4207.
Package hyperref Info: Plain pages OFF on input line 4214.
Package hyperref Info: Backreferencing OFF on input line 4219.
Package hyperref Info: Implicit mode ON; LaTeX internals redefined.
Package hyperref Info: Bookmarks ON on input line 4466.
\c@Hy@tempcnt=\count319
LaTeX Info: Redefining \url on input line 4805.
\XeTeXLinkMargin=\dimen189
 (/home/dkj/.TinyTeX/texmf-dist/tex/generic/bitset/bitset.sty
Package: bitset 2019/12/09 v1.3 Handle bit-vector datatype (HO)
 (/home/dkj/.TinyTeX/texmf-dist/tex/generic/bigintcalc/bigintcalc.sty
Package: bigintcalc 2019/12/15 v1.5 Expandable calculations on big integers (HO)
))
\Fld@menulength=\count320
\Field@Width=\dimen190
\Fld@charsize=\dimen191
Package hyperref Info: Hyper figures OFF on input line 6091.
Package hyperref Info: Link nesting OFF on input line 6096.
Package hyperref Info: Hyper index ON on input line 6099.
Package hyperref Info: backreferencing OFF on input line 6106.
Package hyperref Info: Link coloring OFF on input line 6111.
Package hyperref Info: Link coloring with OCG OFF on input line 6116.
Package hyperref Info: PDF/A mode OFF on input line 6121.
\Hy@abspage=\count321
\c@Item=\count322
\c@Hfootnote=\count323
)
Package hyperref Info: Driver (autodetected): hpdftex.
 (/home/dkj/.TinyTeX/texmf-dist/tex/latex/hyperref/hpdftex.def
File: hpdftex.def 2026-04-24 v7.01q Hyperref driver for pdfTeX
\Fld@listcount=\count324
\c@bookmark@seq@number=\count325
 (/home/dkj/.TinyTeX/texmf-dist/tex/latex/rerunfilecheck/rerunfilecheck.sty
Package: rerunfilecheck 2025-06-21 v1.11 Rerun checks for auxiliary files (HO)
 (/home/dkj/.TinyTeX/texmf-dist/tex/generic/uniquecounter/uniquecounter.sty
Package: uniquecounter 2019/12/15 v1.4 Provide unlimited unique counter (HO)
)
Package uniquecounter Info: New unique counter `rerunfilecheck' on input line 284.
)
\Hy@SectionHShift=\skip64
)
Package hyperref Info: Option `bookmarksopen' set `true' on input line 286.
Package hyperref Info: Option `colorlinks' set `true' on input line 286.
 (/home/dkj/.TinyTeX/texmf-dist/tex/latex/bookmark/bookmark.sty
Package: bookmark 2023-12-10 v1.31 PDF bookmarks (HO)
 (/home/dkj/.TinyTeX/texmf-dist/tex/latex/bookmark/bkm-pdftex.def
File: bkm-pdftex.def 2023-12-10 v1.31 bookmark driver for pdfTeX and luaTeX (HO)
\BKM@id=\count326
)) (/home/dkj/.TinyTeX/texmf-dist/tex/latex/subfig/subfig.sty
Package: subfig 2005/06/28 ver: 1.3 subfig package
 (/home/dkj/.TinyTeX/texmf-dist/tex/latex/caption/caption.sty
Package: caption 2023/08/05 v3.6o Customizing captions (AR)
 (/home/dkj/.TinyTeX/texmf-dist/tex/latex/caption/caption3.sty
Package: caption3 2023/07/31 v2.4d caption3 kernel (AR)
\caption@tempdima=\dimen192
\captionmargin=\dimen193
\caption@leftmargin=\dimen194
\caption@rightmargin=\dimen195
\caption@width=\dimen196
\caption@indent=\dimen197
\caption@parindent=\dimen198
\caption@hangindent=\dimen199
Package caption Info: Standard document class detected.
)
\c@caption@flags=\count327
\c@continuedfloat=\count328
Package caption Info: changepage package is loaded.
\caption@adjustwidth@hsize=\dimen256
\caption@adjustwidth@linewidth=\dimen257
Package caption Info: float package is loaded.
Package caption Info: hyperref package is loaded.
Package caption Info: rotating package is loaded.
)
\c@KVtest=\count329
\sf@farskip=\skip65
\sf@captopadj=\dimen258
\sf@capskip=\skip66
\sf@nearskip=\skip67
\c@subfigure=\count330
\c@subfigure@save=\count331
\c@lofdepth=\count332
\c@subtable=\count333
\c@subtable@save=\count334
\c@lotdepth=\count335
\sf@top=\skip68
\sf@bottom=\skip69
) (/home/dkj/.TinyTeX/texmf-dist/tex/latex/oberdiek/twoopt.sty
Package: twoopt 2016/05/16 v1.6 Definitions with two optional arguments (HO)
) (/home/dkj/.TinyTeX/texmf-dist/tex/latex/footmisc/footmisc.sty
Package: footmisc 2025/05/09 v7.0b a miscellany of footnote facilities
\FN@temptoken=\toks34
\footnotemargin=\dimen259
Package footmisc Info: Declaring symbol style bringhurst on input line 549.
Package footmisc Info: Declaring symbol style chicago on input line 557.
Package footmisc Info: Declaring symbol style wiley on input line 566.
Package footmisc Info: Declaring symbol style lamport-robust on input line 577.
Package footmisc Info: Declaring symbol style lamport* on input line 597.
Package footmisc Info: Declaring symbol style lamport*-robust on input line 618.
) (/home/dkj/.TinyTeX/texmf-dist/tex/latex/tools/tabularx.sty
Package: tabularx 2023/12/11 v2.12a `tabularx' package (DPC)
 (/home/dkj/.TinyTeX/texmf-dist/tex/latex/tools/array.sty
Package: array 2025/09/25 v2.6n Tabular extension package (FMi)
\col@sep=\dimen260
\ar@mcellbox=\box113
\extrarowheight=\dimen261
\NC@list=\toks35
\extratabsurround=\skip70
\backup@length=\skip71
\ar@cellbox=\box114
)
\TX@col@width=\dimen262
\TX@old@table=\dimen263
\TX@old@col=\dimen264
\TX@target=\dimen265
\TX@delta=\dimen266
\TX@cols=\count336
\TX@ftn=\toks36
) (/home/dkj/.TinyTeX/texmf-dist/tex/latex/xargs/xargs.sty
Package: xargs 2008/03/22 v1.1  extended macro definitions  (mpg)
 (/home/dkj/.TinyTeX/texmf-dist/tex/latex/xkeyval/xkeyval.sty
Package: xkeyval 2025/11/04 v2.10 package option processing (HA)
 (/home/dkj/.TinyTeX/texmf-dist/tex/generic/xkeyval/xkeyval.tex (/home/dkj/.TinyTeX/texmf-dist/tex/generic/xkeyval/xkvutils.tex
\XKV@toks=\toks37
\XKV@tempa@toks=\toks38
\XKV@tempb@toks=\toks39
)
\XKV@depth=\count337
File: xkeyval.tex 2014/12/03 v2.7a key=value parser (HA)
))
\xargs@max=\count338
\xargs@toksa=\toks40
\xargs@toksb=\toks41
) (/home/dkj/.TinyTeX/texmf-dist/tex/latex/tcolorbox/tcolorbox.sty
Package: tcolorbox 2025/11/28 version 6.9.0 text color boxes
 (/home/dkj/.TinyTeX/texmf-dist/tex/latex/pgf/frontendlayer/tikz.sty (/home/dkj/.TinyTeX/texmf-dist/tex/latex/pgf/basiclayer/pgf.sty (/home/dkj/.TinyTeX/texmf-dist/tex/latex/pgf/utilities/pgfrcs.sty (/home/dkj/.TinyTeX/texmf-dist/tex/generic/pgf/utilities/pgfutil-common.tex
\pgfutil@everybye=\toks42
\pgfutil@tempdima=\dimen267
\pgfutil@tempdimb=\dimen268
) (/home/dkj/.TinyTeX/texmf-dist/tex/generic/pgf/utilities/pgfutil-latex.def
\pgfutil@abb=\box115
) (/home/dkj/.TinyTeX/texmf-dist/tex/generic/pgf/utilities/pgfrcs.code.tex (/home/dkj/.TinyTeX/texmf-dist/tex/generic/pgf/pgf.revision.tex)
Package: pgfrcs 2025-08-29 v3.1.11a (3.1.11a)
))
Package: pgf 2025-08-29 v3.1.11a (3.1.11a)
 (/home/dkj/.TinyTeX/texmf-dist/tex/latex/pgf/basiclayer/pgfcore.sty (/home/dkj/.TinyTeX/texmf-dist/tex/latex/pgf/systemlayer/pgfsys.sty (/home/dkj/.TinyTeX/texmf-dist/tex/generic/pgf/systemlayer/pgfsys.code.tex
Package: pgfsys 2025-08-29 v3.1.11a (3.1.11a)
 (/home/dkj/.TinyTeX/texmf-dist/tex/generic/pgf/utilities/pgfkeys.code.tex
\pgfkeys@pathtoks=\toks43
\pgfkeys@temptoks=\toks44
 (/home/dkj/.TinyTeX/texmf-dist/tex/generic/pgf/utilities/pgfkeyslibraryfiltered.code.tex
\pgfkeys@tmptoks=\toks45
))
\pgf@x=\dimen269
\pgf@y=\dimen270
\pgf@xa=\dimen271
\pgf@ya=\dimen272
\pgf@xb=\dimen273
\pgf@yb=\dimen274
\pgf@xc=\dimen275
\pgf@yc=\dimen276
\pgf@xd=\dimen277
\pgf@yd=\dimen278
\w@pgf@writea=\write3
\r@pgf@reada=\read3
\c@pgf@counta=\count339
\c@pgf@countb=\count340
\c@pgf@countc=\count341
\c@pgf@countd=\count342
\t@pgf@toka=\toks46
\t@pgf@tokb=\toks47
\t@pgf@tokc=\toks48
\pgf@sys@id@count=\count343
 (/home/dkj/.TinyTeX/texmf-dist/tex/generic/pgf/systemlayer/pgf.cfg
File: pgf.cfg 2025-08-29 v3.1.11a (3.1.11a)
)
Driver file for pgf: pgfsys-pdftex.def
 (/home/dkj/.TinyTeX/texmf-dist/tex/generic/pgf/systemlayer/pgfsys-pdftex.def
File: pgfsys-pdftex.def 2025-08-29 v3.1.11a (3.1.11a)
 (/home/dkj/.TinyTeX/texmf-dist/tex/generic/pgf/systemlayer/pgfsys-common-pdf.def
File: pgfsys-common-pdf.def 2025-08-29 v3.1.11a (3.1.11a)
))) (/home/dkj/.TinyTeX/texmf-dist/tex/generic/pgf/systemlayer/pgfsyssoftpath.code.tex
File: pgfsyssoftpath.code.tex 2025-08-29 v3.1.11a (3.1.11a)
\pgfsyssoftpath@smallbuffer@items=\count344
\pgfsyssoftpath@bigbuffer@items=\count345
) (/home/dkj/.TinyTeX/texmf-dist/tex/generic/pgf/systemlayer/pgfsysprotocol.code.tex
File: pgfsysprotocol.code.tex 2025-08-29 v3.1.11a (3.1.11a)
)) (/home/dkj/.TinyTeX/texmf-dist/tex/generic/pgf/basiclayer/pgfcore.code.tex
Package: pgfcore 2025-08-29 v3.1.11a (3.1.11a)
 (/home/dkj/.TinyTeX/texmf-dist/tex/generic/pgf/math/pgfmath.code.tex (/home/dkj/.TinyTeX/texmf-dist/tex/generic/pgf/math/pgfmathutil.code.tex) (/home/dkj/.TinyTeX/texmf-dist/tex/generic/pgf/math/pgfmathparser.code.tex
\pgfmath@dimen=\dimen279
\pgfmath@count=\count346
\pgfmath@box=\box116
\pgfmath@toks=\toks49
\pgfmath@stack@operand=\toks50
\pgfmath@stack@operation=\toks51
) (/home/dkj/.TinyTeX/texmf-dist/tex/generic/pgf/math/pgfmathfunctions.code.tex) (/home/dkj/.TinyTeX/texmf-dist/tex/generic/pgf/math/pgfmathfunctions.basic.code.tex) (/home/dkj/.TinyTeX/texmf-dist/tex/generic/pgf/math/pgfmathfunctions.trigonometric.code.tex) (/home/dkj/.TinyTeX/texmf-dist/tex/generic/pgf/math/pgfmathfunctions.random.code.tex) (/home/dkj/.TinyTeX/texmf-dist/tex/generic/pgf/math/pgfmathfunctions.comparison.code.tex) (/home/dkj/.TinyTeX/texmf-dist/tex/generic/pgf/math/pgfmathfunctions.base.code.tex) (/home/dkj/.TinyTeX/texmf-dist/tex/generic/pgf/math/pgfmathfunctions.round.code.tex) (/home/dkj/.TinyTeX/texmf-dist/tex/generic/pgf/math/pgfmathfunctions.misc.code.tex) (/home/dkj/.TinyTeX/texmf-dist/tex/generic/pgf/math/pgfmathfunctions.integerarithmetics.code.tex) (/home/dkj/.TinyTeX/texmf-dist/tex/generic/pgf/math/pgfmathcalc.code.tex) (/home/dkj/.TinyTeX/texmf-dist/tex/generic/pgf/math/pgfmathfloat.code.tex
\c@pgfmathroundto@lastzeros=\count347
)) (/home/dkj/.TinyTeX/texmf-dist/tex/generic/pgf/math/pgfint.code.tex) (/home/dkj/.TinyTeX/texmf-dist/tex/generic/pgf/basiclayer/pgfcorepoints.code.tex
File: pgfcorepoints.code.tex 2025-08-29 v3.1.11a (3.1.11a)
\pgf@picminx=\dimen280
\pgf@picmaxx=\dimen281
\pgf@picminy=\dimen282
\pgf@picmaxy=\dimen283
\pgf@pathminx=\dimen284
\pgf@pathmaxx=\dimen285
\pgf@pathminy=\dimen286
\pgf@pathmaxy=\dimen287
\pgf@xx=\dimen288
\pgf@xy=\dimen289
\pgf@yx=\dimen290
\pgf@yy=\dimen291
\pgf@zx=\dimen292
\pgf@zy=\dimen293
) (/home/dkj/.TinyTeX/texmf-dist/tex/generic/pgf/basiclayer/pgfcorepathconstruct.code.tex
File: pgfcorepathconstruct.code.tex 2025-08-29 v3.1.11a (3.1.11a)
\pgf@path@lastx=\dimen294
\pgf@path@lasty=\dimen295
) (/home/dkj/.TinyTeX/texmf-dist/tex/generic/pgf/basiclayer/pgfcorepathusage.code.tex
File: pgfcorepathusage.code.tex 2025-08-29 v3.1.11a (3.1.11a)
\pgf@shorten@end@additional=\dimen296
\pgf@shorten@start@additional=\dimen297
) (/home/dkj/.TinyTeX/texmf-dist/tex/generic/pgf/basiclayer/pgfcorescopes.code.tex
File: pgfcorescopes.code.tex 2025-08-29 v3.1.11a (3.1.11a)
\pgfpic=\box117
\pgf@hbox=\box118
\pgf@layerbox@main=\box119
\pgf@picture@serial@count=\count348
) (/home/dkj/.TinyTeX/texmf-dist/tex/generic/pgf/basiclayer/pgfcoregraphicstate.code.tex
File: pgfcoregraphicstate.code.tex 2025-08-29 v3.1.11a (3.1.11a)
\pgflinewidth=\dimen298
) (/home/dkj/.TinyTeX/texmf-dist/tex/generic/pgf/basiclayer/pgfcoretransformations.code.tex
File: pgfcoretransformations.code.tex 2025-08-29 v3.1.11a (3.1.11a)
\pgf@pt@x=\dimen299
\pgf@pt@y=\dimen300
\pgf@pt@temp=\dimen301
) (/home/dkj/.TinyTeX/texmf-dist/tex/generic/pgf/basiclayer/pgfcorequick.code.tex
File: pgfcorequick.code.tex 2025-08-29 v3.1.11a (3.1.11a)
) (/home/dkj/.TinyTeX/texmf-dist/tex/generic/pgf/basiclayer/pgfcoreobjects.code.tex
File: pgfcoreobjects.code.tex 2025-08-29 v3.1.11a (3.1.11a)
) (/home/dkj/.TinyTeX/texmf-dist/tex/generic/pgf/basiclayer/pgfcorepathprocessing.code.tex
File: pgfcorepathprocessing.code.tex 2025-08-29 v3.1.11a (3.1.11a)
) (/home/dkj/.TinyTeX/texmf-dist/tex/generic/pgf/basiclayer/pgfcorearrows.code.tex
File: pgfcorearrows.code.tex 2025-08-29 v3.1.11a (3.1.11a)
\pgfarrowsep=\dimen302
) (/home/dkj/.TinyTeX/texmf-dist/tex/generic/pgf/basiclayer/pgfcoreshade.code.tex
File: pgfcoreshade.code.tex 2025-08-29 v3.1.11a (3.1.11a)
\pgf@max=\dimen303
\pgf@sys@shading@range@num=\count349
\pgf@shadingcount=\count350
) (/home/dkj/.TinyTeX/texmf-dist/tex/generic/pgf/basiclayer/pgfcoreimage.code.tex
File: pgfcoreimage.code.tex 2025-08-29 v3.1.11a (3.1.11a)
) (/home/dkj/.TinyTeX/texmf-dist/tex/generic/pgf/basiclayer/pgfcoreexternal.code.tex
File: pgfcoreexternal.code.tex 2025-08-29 v3.1.11a (3.1.11a)
\pgfexternal@startupbox=\box120
) (/home/dkj/.TinyTeX/texmf-dist/tex/generic/pgf/basiclayer/pgfcorelayers.code.tex
File: pgfcorelayers.code.tex 2025-08-29 v3.1.11a (3.1.11a)
) (/home/dkj/.TinyTeX/texmf-dist/tex/generic/pgf/basiclayer/pgfcoretransparency.code.tex
File: pgfcoretransparency.code.tex 2025-08-29 v3.1.11a (3.1.11a)
) (/home/dkj/.TinyTeX/texmf-dist/tex/generic/pgf/basiclayer/pgfcorepatterns.code.tex
File: pgfcorepatterns.code.tex 2025-08-29 v3.1.11a (3.1.11a)
) (/home/dkj/.TinyTeX/texmf-dist/tex/generic/pgf/basiclayer/pgfcorerdf.code.tex
File: pgfcorerdf.code.tex 2025-08-29 v3.1.11a (3.1.11a)
))) (/home/dkj/.TinyTeX/texmf-dist/tex/generic/pgf/modules/pgfmoduleshapes.code.tex
File: pgfmoduleshapes.code.tex 2025-08-29 v3.1.11a (3.1.11a)
\pgfnodeparttextbox=\box121
) (/home/dkj/.TinyTeX/texmf-dist/tex/generic/pgf/modules/pgfmoduleplot.code.tex
File: pgfmoduleplot.code.tex 2025-08-29 v3.1.11a (3.1.11a)
) (/home/dkj/.TinyTeX/texmf-dist/tex/latex/pgf/compatibility/pgfcomp-version-0-65.sty
Package: pgfcomp-version-0-65 2025-08-29 v3.1.11a (3.1.11a)
\pgf@nodesepstart=\dimen304
\pgf@nodesepend=\dimen305
) (/home/dkj/.TinyTeX/texmf-dist/tex/latex/pgf/compatibility/pgfcomp-version-1-18.sty
Package: pgfcomp-version-1-18 2025-08-29 v3.1.11a (3.1.11a)
)) (/home/dkj/.TinyTeX/texmf-dist/tex/latex/pgf/utilities/pgffor.sty (/home/dkj/.TinyTeX/texmf-dist/tex/latex/pgf/utilities/pgfkeys.sty (/home/dkj/.TinyTeX/texmf-dist/tex/generic/pgf/utilities/pgfkeys.code.tex)) (/home/dkj/.TinyTeX/texmf-dist/tex/latex/pgf/math/pgfmath.sty (/home/dkj/.TinyTeX/texmf-dist/tex/generic/pgf/math/pgfmath.code.tex)) (/home/dkj/.TinyTeX/texmf-dist/tex/generic/pgf/utilities/pgffor.code.tex
Package: pgffor 2025-08-29 v3.1.11a (3.1.11a)
\pgffor@iter=\dimen306
\pgffor@skip=\dimen307
\pgffor@stack=\toks52
\pgffor@toks=\toks53
)) (/home/dkj/.TinyTeX/texmf-dist/tex/generic/pgf/frontendlayer/tikz/tikz.code.tex
Package: tikz 2025-08-29 v3.1.11a (3.1.11a)
 (/home/dkj/.TinyTeX/texmf-dist/tex/generic/pgf/libraries/pgflibraryplothandlers.code.tex
File: pgflibraryplothandlers.code.tex 2025-08-29 v3.1.11a (3.1.11a)
\pgf@plot@mark@count=\count351
\pgfplotmarksize=\dimen308
)
\tikz@lastx=\dimen309
\tikz@lasty=\dimen310
\tikz@lastxsaved=\dimen311
\tikz@lastysaved=\dimen312
\tikz@lastmovetox=\dimen313
\tikz@lastmovetoy=\dimen314
\tikzleveldistance=\dimen315
\tikzsiblingdistance=\dimen316
\tikz@figbox=\box122
\tikz@figbox@bg=\box123
\tikz@tempbox=\box124
\tikz@tempbox@bg=\box125
\tikztreelevel=\count352
\tikznumberofchildren=\count353
\tikznumberofcurrentchild=\count354
\tikz@fig@count=\count355
 (/home/dkj/.TinyTeX/texmf-dist/tex/generic/pgf/modules/pgfmodulematrix.code.tex
File: pgfmodulematrix.code.tex 2025-08-29 v3.1.11a (3.1.11a)
\pgfmatrixcurrentrow=\count356
\pgfmatrixcurrentcolumn=\count357
\pgf@matrix@numberofcolumns=\count358
)
\tikz@expandcount=\count359
 (/home/dkj/.TinyTeX/texmf-dist/tex/generic/pgf/frontendlayer/tikz/libraries/tikzlibrarytopaths.code.tex
File: tikzlibrarytopaths.code.tex 2025-08-29 v3.1.11a (3.1.11a)
))) (/home/dkj/.TinyTeX/texmf-dist/tex/latex/tools/verbatim.sty
Package: verbatim 2024-01-22 v1.5x LaTeX2e package for verbatim enhancements
\every@verbatim=\toks54
\verbatim@line=\toks55
\verbatim@in@stream=\read4
) (/home/dkj/.TinyTeX/texmf-dist/tex/latex/environ/environ.sty
Package: environ 2014/05/04 v0.3 A new way to define environments
 (/home/dkj/.TinyTeX/texmf-dist/tex/latex/trimspaces/trimspaces.sty
Package: trimspaces 2009/09/17 v1.1 Trim spaces around a token list
)
\@envbody=\toks56
)
\tcb@titlebox=\box126
\tcb@upperbox=\box127
\tcb@lowerbox=\box128
\tcb@phantombox=\box129
\c@tcbbreakpart=\count360
\c@tcblayer=\count361
\c@tcolorbox@number=\count362
\l__tcobox_tmpa_box=\box130
\l__tcobox_tmpa_dim=\dimen317
\tcb@temp=\box131
\tcb@temp=\box132
\tcb@temp=\box133
\tcb@temp=\box134
) (/home/dkj/.TinyTeX/texmf-dist/tex/latex/varwidth/varwidth.sty
Package: varwidth 2009/03/30 ver 0.92;  Variable-width minipages
\@vwid@box=\box135
\sift@deathcycles=\count363
\@vwid@loff=\dimen318
\@vwid@roff=\dimen319
)
==> First Aid for varwidth.sty applied!
(/home/dkj/.TinyTeX/texmf-dist/tex/latex/tools/dcolumn.sty
Package: dcolumn 2025/10/21 v1.06 decimal alignment package (DPC)
) (/home/dkj/.TinyTeX/texmf-dist/tex/latex/base/fontenc.sty
Package: fontenc 2025/07/18 v2.1d Standard LaTeX package
) (/home/dkj/.TinyTeX/texmf-dist/tex/latex/stix2-type1/stix2.sty
Package: stix2 2021/01/14 v2.0.2-latex STIX Two fonts support package
 (/home/dkj/.TinyTeX/texmf-dist/tex/latex/base/textcomp.sty
Package: textcomp 2024/04/24 v2.1b Standard LaTeX package
LaTeX Font Info:    Changing ? sub-encoding to TS1/0 on input line 75.
)
LaTeX Encoding Info:    Text command \textpertenthousand (encoding T1) is not declared on input line 53.
LaTeX Encoding Info:    Redeclaring text command \textpertenthousand (encoding ?) on input line 54.
Now handling font encoding LS1 ...
... no UTF-8 mapping file for font encoding LS1
Now handling font encoding LS2 ...
... no UTF-8 mapping file for font encoding LS2
LaTeX Font Info:    Redeclaring symbol font `letters' on input line 78.
LaTeX Font Info:    Encoding `OML' has changed to `LS1' for symbol font
(Font)              `letters' in the math version `normal' on input line 78.
LaTeX Font Info:    Overwriting symbol font `letters' in version `normal'
(Font)                  OML/cmm/m/it --> LS1/stix2/m/it on input line 78.
LaTeX Font Info:    Encoding `OML' has changed to `LS1' for symbol font
(Font)              `letters' in the math version `bold' on input line 78.
LaTeX Font Info:    Overwriting symbol font `letters' in version `bold'
(Font)                  OML/cmm/b/it --> LS1/stix2/m/it on input line 78.
LaTeX Font Info:    Redeclaring symbol font `operators' on input line 79.
LaTeX Font Info:    Encoding `OT1' has changed to `LS1' for symbol font
(Font)              `operators' in the math version `normal' on input line 79.
LaTeX Font Info:    Overwriting symbol font `operators' in version `normal'
(Font)                  OT1/cmr/m/n --> LS1/stix2/m/n on input line 79.
LaTeX Font Info:    Encoding `OT1' has changed to `LS1' for symbol font
(Font)              `operators' in the math version `bold' on input line 79.
LaTeX Font Info:    Overwriting symbol font `operators' in version `bold'
(Font)                  OT1/cmr/bx/n --> LS1/stix2/m/n on input line 79.
\symbold-operators=\mathgroup4
LaTeX Font Info:    Redeclaring symbol font `symbols' on input line 81.
LaTeX Font Info:    Encoding `OMS' has changed to `LS1' for symbol font
(Font)              `symbols' in the math version `normal' on input line 81.
LaTeX Font Info:    Overwriting symbol font `symbols' in version `normal'
(Font)                  OMS/cmsy/m/n --> LS1/stix2scr/m/n on input line 81.
LaTeX Font Info:    Encoding `OMS' has changed to `LS1' for symbol font
(Font)              `symbols' in the math version `bold' on input line 81.
LaTeX Font Info:    Overwriting symbol font `symbols' in version `bold'
(Font)                  OMS/cmsy/b/n --> LS1/stix2scr/m/n on input line 81.
\symsymbols2=\mathgroup5
\symsymbols3=\mathgroup6
\symsymbols4=\mathgroup7
\symintegrals=\mathgroup8
LaTeX Font Info:    Redeclaring symbol font `largesymbols' on input line 86.
LaTeX Font Info:    Encoding `OMX' has changed to `LS2' for symbol font
(Font)              `largesymbols' in the math version `normal' on input line 86.
LaTeX Font Info:    Overwriting symbol font `largesymbols' in version `normal'
(Font)                  OMX/cmex/m/n --> LS2/stix2ex/m/n on input line 86.
LaTeX Font Info:    Encoding `OMX' has changed to `LS2' for symbol font
(Font)              `largesymbols' in the math version `bold' on input line 86.
LaTeX Font Info:    Overwriting symbol font `largesymbols' in version `bold'
(Font)                  OMX/cmex/m/n --> LS2/stix2ex/m/n on input line 86.
\symarrows1=\mathgroup9
\symarrows2=\mathgroup10
\symarrows3=\mathgroup11
LaTeX Font Info:    Overwriting symbol font `letters' in version `bold'
(Font)                  LS1/stix2/m/it --> LS1/stix2/b/it on input line 90.
LaTeX Font Info:    Overwriting symbol font `operators' in version `bold'
(Font)                  LS1/stix2/m/n --> LS1/stix2/b/n on input line 91.
LaTeX Font Info:    Overwriting symbol font `symbols' in version `bold'
(Font)                  LS1/stix2scr/m/n --> LS1/stix2scr/b/n on input line 92.
LaTeX Font Info:    Overwriting symbol font `symbols2' in version `bold'
(Font)                  LS1/stix2frak/m/n --> LS1/stix2frak/b/n on input line 93.
LaTeX Font Info:    Overwriting symbol font `symbols3' in version `bold'
(Font)                  LS1/stix2bb/m/n --> LS1/stix2bb/b/n on input line 94.
LaTeX Font Info:    Overwriting symbol font `symbols4' in version `bold'
(Font)                  LS1/stix2bb/m/it --> LS1/stix2bb/b/it on input line 95.
LaTeX Font Info:    Overwriting symbol font `integrals' in version `bold'
(Font)                  LS2/stix2cal/m/n --> LS2/stix2cal/b/n on input line 96.
LaTeX Font Info:    Overwriting symbol font `largesymbols' in version `bold'
(Font)                  LS2/stix2ex/m/n --> LS2/stix2ex/b/n on input line 97.
LaTeX Font Info:    Overwriting symbol font `arrows1' in version `bold'
(Font)                  LS1/stix2sf/m/n --> LS1/stix2sf/b/n on input line 98.
LaTeX Font Info:    Overwriting symbol font `arrows2' in version `bold'
(Font)                  LS1/stix2sf/m/it --> LS1/stix2sf/b/it on input line 99.
LaTeX Font Info:    Overwriting symbol font `arrows3' in version `bold'
(Font)                  LS2/stix2tt/m/n --> LS2/stix2tt/b/n on input line 100.
LaTeX Font Info:    Redeclaring math alphabet \mathit on input line 101.
LaTeX Font Info:    Redeclaring math alphabet \mathsf on input line 107.
LaTeX Font Info:    Redeclaring math alphabet \mathtt on input line 109.
LaTeX Font Info:    Redeclaring math alphabet \mathbf on input line 110.
LaTeX Font Info:    Redeclaring math symbol \hbar on input line 226.
LaTeX Font Info:    Redeclaring math accent \grave on input line 697.
LaTeX Font Info:    Redeclaring math accent \acute on input line 698.
LaTeX Font Info:    Redeclaring math accent \hat on input line 699.
LaTeX Font Info:    Redeclaring math accent \tilde on input line 700.
LaTeX Font Info:    Redeclaring math accent \bar on input line 701.
LaTeX Font Info:    Redeclaring math accent \breve on input line 702.
LaTeX Font Info:    Redeclaring math accent \dot on input line 703.
LaTeX Font Info:    Redeclaring math accent \ddot on input line 704.
LaTeX Font Info:    Redeclaring math accent \mathring on input line 706.
LaTeX Font Info:    Redeclaring math accent \check on input line 707.
LaTeX Font Info:    Redeclaring math accent \vec on input line 715.
LaTeX Font Info:    Redeclaring math accent \widehat on input line 727.
LaTeX Font Info:    Redeclaring math accent \widetilde on input line 728.
LaTeX Info: Redefining \vdots on input line 1517.
LaTeX Info: Redefining \cdots on input line 1521.
LaTeX Font Info:    Redeclaring math symbol \mathsterling on input line 1977.
LaTeX Info: Redefining \not on input line 2141.
) (/home/dkj/.TinyTeX/texmf-dist/tex/latex/microtype/microtype.sty
Package: microtype 2026/03/01 v3.2d Micro-typographical refinements (RS)
\MT@toks=\toks57
\MT@tempbox=\box136
\MT@count=\count364
LaTeX Info: Redefining \noprotrusionifhmode on input line 1084.
LaTeX Info: Redefining \leftprotrusion on input line 1085.
\MT@prot@toks=\toks58
LaTeX Info: Redefining \rightprotrusion on input line 1104.
LaTeX Info: Redefining \textls on input line 1449.
\MT@outer@kern=\dimen320
LaTeX Info: Redefining \microtypecontext on input line 2053.
LaTeX Info: Redefining \textmicrotypecontext on input line 2070.
\MT@listname@count=\count365
 (/home/dkj/.TinyTeX/texmf-dist/tex/latex/microtype/microtype-pdftex.def
File: microtype-pdftex.def 2026/03/01 v3.2d Definitions specific to pdftex (RS)
LaTeX Info: Redefining \lsstyle on input line 944.
LaTeX Info: Redefining \lslig on input line 944.
\MT@outer@space=\skip72
)
Package microtype Info: Loading configuration file microtype.cfg.
 (/home/dkj/.TinyTeX/texmf-dist/tex/latex/microtype/microtype.cfg
File: microtype.cfg 2026/03/01 v3.2d microtype main configuration file (RS)
)
LaTeX Info: Redefining \microtypesetup on input line 3065.
) (/home/dkj/.TinyTeX/texmf-dist/tex/latex/geometry/geometry.sty
Package: geometry 2026/03/07 v6.0 Page Geometry
 (/home/dkj/.TinyTeX/texmf-dist/tex/generic/iftex/ifvtex.sty
Package: ifvtex 2019/10/25 v1.7 ifvtex legacy package. Use iftex instead.
)
\Gm@cnth=\count366
\Gm@cntv=\count367
\c@Gm@tempcnt=\count368
\Gm@bindingoffset=\dimen321
\Gm@wd@mp=\dimen322
\Gm@odd@mp=\dimen323
\Gm@even@mp=\dimen324
\Gm@layoutwidth=\dimen325
\Gm@layoutheight=\dimen326
\Gm@layouthoffset=\dimen327
\Gm@layoutvoffset=\dimen328
\Gm@dimlist=\toks59
)
\parindentvalue=\dimen329
\pageheight=\dimen330
\rulecount=\count369
\leftcolrulepos=\dimen331
\rightcolrulepos=\dimen332
\artopleftskipdim=\dimen333
\@xmlpage=\write4
\c@spagecounter=\count370
\c@lpagecounter=\count371
LaTeX Info: Redefining \rm on input line 688.
LaTeX Info: Redefining \sf on input line 689.
LaTeX Info: Redefining \tt on input line 690.
LaTeX Info: Redefining \bf on input line 691.
LaTeX Info: Redefining \it on input line 692.
LaTeX Info: Redefining \em on input line 693.
LaTeX Info: Redefining \sl on input line 694.
LaTeX Info: Redefining \sc on input line 695.
LaTeX Info: Redefining \cal on input line 696.
LaTeX Info: Redefining \mit on input line 697.
\corrauthcount=\count372
\authfncnt=\count373
\authfnTmpCnt=\count374
\aufootnotemark=\box137
\authmarkbox=\box138
\c@affn=\count375
\addcount=\count376
\c@lastauthor=\count377
\emailcount=\count378
\foot@titlepage@raise@skip=\skip73
\lastauthorcnt=\count379
\JELinfocount=\count380
\commaJELinfocount=\count381
\JELinfotempcount=\count382
\tempJELinfocount=\count383
\abs@boxa=\box139
\abs@boxb=\box140
\abs@boxc=\box141
\abs@dima=\dimen334
\abs@dimb=\dimen335
\abs@dimc=\dimen336
\adjtitleskip=\skip74
 (/home/dkj/.TinyTeX/texmf-dist/tex/latex/tikzpagenodes/tikzpagenodes.sty
Package: tikzpagenodes 2012/09/16 v1.1 Special PGF/TikZ nodes for areas of the page
 (/home/dkj/.TinyTeX/texmf-dist/tex/latex/ifoddpage/ifoddpage.sty
Package: ifoddpage 2022/10/18 v1.2 Conditionals for odd/even page detection
\c@checkoddpage=\count384
LaTeX Info: Redefining \checkoddpage on input line 45.
))
\c@chapter=\count385
\secruleskip=\skip75
\rhverticalsep=\skip76
 (./ijcs_template/Optimal-Design-layout/NJDnatbib.sty

LaTeX Warning: You have requested package `ijcs_template/Optimal-Design-layout/NJDnatbib',
               but the package provides `NJDnatbib'.

Package: NJDnatbib 2010/09/13 8.31b (PWD, AO)
\bibhang=\skip77
\bibsep=\skip78
LaTeX Info: Redefining \cite on input line 700.
\c@NAT@ctr=\count386
)
\c@scheme=\count387
 (/home/dkj/.TinyTeX/texmf-dist/tex/latex/booktabs/booktabs.sty
Package: booktabs 2020/01/12 v1.61803398 Publication quality tables
\heavyrulewidth=\dimen337
\lightrulewidth=\dimen338
\cmidrulewidth=\dimen339
\belowrulesep=\dimen340
\belowbottomsep=\dimen341
\aboverulesep=\dimen342
\abovetopsep=\dimen343
\cmidrulesep=\dimen344
\cmidrulekern=\dimen345
\defaultaddspace=\dimen346
\@cmidla=\count388
\@cmidlb=\count389
\@aboverulesep=\dimen347
\@belowrulesep=\dimen348
\@thisruleclass=\count390
\@lastruleclass=\count391
\@thisrulewidth=\dimen349
) (/home/dkj/.TinyTeX/texmf-dist/tex/latex/amsmath/amsmath.sty
Package: amsmath 2025/07/09 v2.17z AMS math features
\@mathmargin=\skip79

For additional information on amsmath, use the `?' option.
(/home/dkj/.TinyTeX/texmf-dist/tex/latex/amsmath/amstext.sty
Package: amstext 2024/11/17 v2.01 AMS text
 (/home/dkj/.TinyTeX/texmf-dist/tex/latex/amsmath/amsgen.sty
File: amsgen.sty 1999/11/30 v2.0 generic functions
\@emptytoks=\toks60
\ex@=\dimen350
)) (/home/dkj/.TinyTeX/texmf-dist/tex/latex/amsmath/amsbsy.sty
Package: amsbsy 1999/11/29 v1.2d Bold Symbols
\pmbraise@=\dimen351
) (/home/dkj/.TinyTeX/texmf-dist/tex/latex/amsmath/amsopn.sty
Package: amsopn 2022/04/08 v2.04 operator names
)
\inf@bad=\count392
LaTeX Info: Redefining \frac on input line 233.
\uproot@=\count393
\leftroot@=\count394
LaTeX Info: Redefining \overline on input line 398.
LaTeX Info: Redefining \colon on input line 409.
\classnum@=\count395
\DOTSCASE@=\count396
LaTeX Info: Redefining \ldots on input line 495.
LaTeX Info: Redefining \dots on input line 498.
\Mathstrutbox@=\box142
\strutbox@=\box143
LaTeX Info: Redefining \big on input line 721.
LaTeX Info: Redefining \Big on input line 722.
LaTeX Info: Redefining \bigg on input line 723.
LaTeX Info: Redefining \Bigg on input line 724.
\big@size=\dimen352
LaTeX Font Info:    Redeclaring font encoding OML on input line 742.
LaTeX Font Info:    Redeclaring font encoding OMS on input line 743.
\macc@depth=\count397
LaTeX Info: Redefining \bmod on input line 904.
LaTeX Info: Redefining \pmod on input line 909.
LaTeX Info: Redefining \smash on input line 939.
\c@MaxMatrixCols=\count398
\dotsspace@=\muskip18
\c@parentequation=\count399
\dspbrk@lvl=\count400
\tag@help=\toks61
\row@=\count401
\column@=\count402
\maxfields@=\count403
\andhelp@=\toks62
\eqnshift@=\dimen353
\alignsep@=\dimen354
\tagshift@=\dimen355
\tagwidth@=\dimen356
\totwidth@=\dimen357
\lineht@=\dimen358
\@envbody=\toks63
\multlinegap=\skip80
\multlinetaggap=\skip81
\mathdisplay@stack=\toks64
LaTeX Info: Redefining \[ on input line 2950.
LaTeX Info: Redefining \] on input line 2951.
) (/home/dkj/.TinyTeX/texmf-dist/tex/latex/amscls/amsthm.sty
Package: amsthm 2020/05/29 v2.20.6
\thm@style=\toks65
\thm@bodyfont=\toks66
\thm@headfont=\toks67
\thm@notefont=\toks68
\thm@headpunct=\toks69
\thm@preskip=\skip82
\thm@postskip=\skip83
\thm@headsep=\skip84
\dth@everypar=\toks70
) (/home/dkj/.TinyTeX/texmf-dist/tex/latex/boites/boites.sty
File: boites.sty 
Package: boites 2013/11/21 v1.1 Colored, framed and breakable across pages boxes
\bk@bxb=\box144
\bk@bxa=\box145
\bk@lcnt=\count404
) (/home/dkj/.TinyTeX/texmf-dist/tex/latex/amsfonts/amssymb.sty
Package: amssymb 2013/01/14 v3.01 AMS font symbols
 (/home/dkj/.TinyTeX/texmf-dist/tex/latex/amsfonts/amsfonts.sty
Package: amsfonts 2013/01/14 v3.01 Basic AMSFonts support
\symAMSa=\mathgroup12
\symAMSb=\mathgroup13
)

Package amssymb Warning: The 'amssymb' package is redundant when you are using the 'stix' package, so I'm not going to load amssymb.

)
\c@theorem=\count405
\c@construction=\count406
\c@estimate=\count407
\c@lemma=\count408
\c@corollary=\count409
\c@result=\count410
\c@algth=\count411
\c@proposition=\count412
\c@hypothesis=\count413
\c@experiment=\count414
\c@LWrule=\count415
\c@procedure=\count416
\c@assertion=\count417
\c@axiom=\count418
\c@conjecture=\count419
\c@criterion=\count420
\c@reduction=\count421
\c@sublemma=\count422
\c@case=\count423
\c@remark=\count424
\c@notation=\count425
\c@answer=\count426
\c@base=\count427
\c@claim=\count428
\c@ccomment=\count429
\c@subproof=\count430
\c@conclusion=\count431
\c@observation=\count432
\c@subcase=\count433
\c@step=\count434
\c@summary=\count435
\c@definition=\count436
\c@condition=\count437
\c@property=\count438
\c@problem=\count439
\c@fact=\count440
\c@assumption=\count441
\c@eexample=\count442
\c@model=\count443
\c@affirmation=\count444
\c@application=\count445
\c@convention=\count446
\c@discussion=\count447
\c@exercise=\count448
\c@question=\count449
\c@scholium=\count450
\c@terminology=\count451
\c@printcitcnt=\count452
\c@@pps=\count453
\c@@ppsavesec=\count454
\c@@ppsaveapp=\count455
\labelwidthi=\dimen359
\labelwidthii=\dimen360
\labelwidthiii=\dimen361
\labelwidthiv=\dimen362
\@maxlistdepth=\count456
 (./ijcs_template/Optimal-Design-layout/algorithm.sty

LaTeX Warning: You have requested package `ijcs_template/Optimal-Design-layout/algorithm',
               but the package provides `algorithm'.

Package: algorithm 2009/08/24 v0.1 Document Style `algorithm' - floating environment
\@float@every@algorithm=\toks71
\c@algorithm=\count457
) (/home/dkj/.TinyTeX/texmf-dist/tex/latex/algorithmicx/algorithmicx.sty
Package: algorithmicx 2005/04/27 v1.2 Algorithmicx

Document Style algorithmicx 1.2 - a greatly improved `algorithmic' style
\c@ALG@line=\count458
\c@ALG@rem=\count459
\c@ALG@nested=\count460
\ALG@tlm=\skip85
\ALG@thistlm=\skip86
\c@ALG@Lnr=\count461
\c@ALG@blocknr=\count462
\c@ALG@storecount=\count463
\c@ALG@tmpcounter=\count464
\ALG@tmplength=\skip87
) (/home/dkj/.TinyTeX/texmf-dist/tex/latex/algorithmicx/algpseudocode.sty
Package: algpseudocode 

Document Style - pseudocode environments for use with the `algorithmicx' style
) (/home/dkj/.TinyTeX/texmf-dist/tex/latex/listings/listings.sty
\lst@mode=\count465
\lst@gtempboxa=\box146
\lst@token=\toks72
\lst@length=\count466
\lst@currlwidth=\dimen363
\lst@column=\count467
\lst@pos=\count468
\lst@lostspace=\dimen364
\lst@width=\dimen365
\lst@newlines=\count469
\lst@lineno=\count470
\lst@maxwidth=\dimen366
 (/home/dkj/.TinyTeX/texmf-dist/tex/latex/listings/lstpatch.sty
File: lstpatch.sty 2025/11/14 1.11b (Carsten Heinz)
) (/home/dkj/.TinyTeX/texmf-dist/tex/latex/listings/lstmisc.sty
File: lstmisc.sty 2025/11/14 1.11b (Carsten Heinz)
\c@lstnumber=\count471
\lst@skipnumbers=\count472
\lst@framebox=\box147
) (/home/dkj/.TinyTeX/texmf-dist/tex/latex/listings/listings.cfg
File: listings.cfg 2025/11/14 1.11b listings configuration
))
Package: listings 2025/11/14 1.11b (Carsten Heinz)

==> First Aid for listings.sty no longer applied!
    Expected:
        2024/09/23 1.10c (Carsten Heinz)
    but found:
        2025/11/14 1.11b (Carsten Heinz)
    so I'm assuming it got fixed.
(/home/dkj/.TinyTeX/texmf-dist/tex/latex/base/alltt.sty
Package: alltt 2024/07/07 v2.0g defines alltt environment
)
\jnlcitationbox=\box148
\jnlcithsize=\dimen367
 (/home/dkj/.TinyTeX/texmf-dist/tex/latex/wrapfig/wrapfig.sty
\wrapoverhang=\dimen368
\WF@size=\dimen369
\c@WF@wrappedlines=\count473
\WF@box=\box149
\WF@everypar=\toks73
Package: wrapfig 2003/01/31  v 3.6
)
\wraplines=\count474
\@authorfigbox=\box150
\@authorfigboxdim=\skip88
\biofigadjskip=\skip89
 (/home/dkj/.TinyTeX/texmf-dist/tex/latex/tools/afterpage.sty
Package: afterpage 2023/07/04 v1.08 After-Page Package (DPC)
\AP@output=\toks74
\AP@partial=\box151
\AP@footins=\box152
)) (/home/dkj/.TinyTeX/texmf-dist/tex/latex/anyfontsize/anyfontsize.sty
Package: anyfontsize 2007/11/22 anyfontsize.sty by pts
)
LaTeX Font Info:    Trying to load font information for T1+stix2 on input line 28.
 (/home/dkj/.TinyTeX/texmf-dist/tex/latex/stix2-type1/t1stix2.fd
File: t1stix2.fd 2018/04/02 v2.0.0-latex stix2 T1 font definitions
) (/home/dkj/.TinyTeX/texmf-dist/tex/latex/l3backend/l3backend-pdftex.def
File: l3backend-pdftex.def 2026-02-18 L3 backend support: PDF output (pdfTeX)
\l__color_backend_stack_int=\count475
)

LaTeX Warning: Unused global option(s):
    [ASNA,twocolumn].

(./main.aux)
\openout1 = `main.aux'.

LaTeX Font Info:    Checking defaults for OML/cmm/m/it on input line 28.
LaTeX Font Info:    ... okay on input line 28.
LaTeX Font Info:    Checking defaults for OMS/cmsy/m/n on input line 28.
LaTeX Font Info:    ... okay on input line 28.
LaTeX Font Info:    Checking defaults for OT1/cmr/m/n on input line 28.
LaTeX Font Info:    ... okay on input line 28.
LaTeX Font Info:    Checking defaults for T1/cmr/m/n on input line 28.
LaTeX Font Info:    ... okay on input line 28.
LaTeX Font Info:    Checking defaults for TS1/cmr/m/n on input line 28.
LaTeX Font Info:    ... okay on input line 28.
LaTeX Font Info:    Checking defaults for OMX/cmex/m/n on input line 28.
LaTeX Font Info:    ... okay on input line 28.
LaTeX Font Info:    Checking defaults for U/cmr/m/n on input line 28.
LaTeX Font Info:    ... okay on input line 28.
LaTeX Font Info:    Checking defaults for PD1/pdf/m/n on input line 28.
LaTeX Font Info:    ... okay on input line 28.
LaTeX Font Info:    Checking defaults for PU/pdf/m/n on input line 28.
LaTeX Font Info:    ... okay on input line 28.
LaTeX Font Info:    Checking defaults for LS1/stix2/m/n on input line 28.
LaTeX Font Info:    Trying to load font information for LS1+stix2 on input line 28.
 (/home/dkj/.TinyTeX/texmf-dist/tex/latex/stix2-type1/ls1stix2.fd
File: ls1stix2.fd 2018/04/02 v2.0.0-latex stix2 LS1 font definitions
)
LaTeX Font Info:    ... okay on input line 28.
LaTeX Font Info:    Checking defaults for LS2/stix2/m/n on input line 28.
LaTeX Font Info:    Trying to load font information for LS2+stix2 on input line 28.
 (/home/dkj/.TinyTeX/texmf-dist/tex/latex/stix2-type1/ls2stix2.fd
File: ls2stix2.fd 2018/04/02 v2.0.0-latex stix2 LS2 font definitions
)
LaTeX Font Info:    ... okay on input line 28.
 (/home/dkj/.TinyTeX/texmf-dist/tex/latex/epstopdf-pkg/epstopdf-base.sty
Package: epstopdf-base 2020-01-24 v2.11 Base part for package epstopdf
Package epstopdf-base Info: Redefining graphics rule for `.eps' on input line 485.
 (/home/dkj/.TinyTeX/texmf-dist/tex/latex/latexconfig/epstopdf-sys.cfg
File: epstopdf-sys.cfg 2010/07/13 v1.3 Configuration of (r)epstopdf for TeX Live
))
Package hyperref Info: Link coloring ON on input line 28.
Package caption Info: Begin \AtBeginDocument code.
Package caption Info: subfig package v1.3 is loaded.
Package caption Info: listings package is loaded.
Package caption Info: wrapfig package is loaded.
Package caption Info: End \AtBeginDocument code.
Package microtype Info: Patching varwidth to enable character protrusion.
\MT@vwid@leftmargin=\dimen370
\MT@vwid@rightmargin=\dimen371
LaTeX Info: Redefining \microtypecontext on input line 28.
Package microtype Info: Applying patch `item' on input line 28.
Package microtype Info: Applying patch `toc' on input line 28.
Package microtype Info: Applying patch `eqnum' on input line 28.
Package microtype Info: Applying patch `footnote' on input line 28.
Package microtype Info: Applying patch `verbatim' on input line 28.
LaTeX Info: Redefining \microtypesetup on input line 28.
Package microtype Info: Generating PDF output.
Package microtype Info: Character protrusion enabled (level 2).
Package microtype Info: Using default protrusion set `alltext'.
Package microtype Info: No font expansion.
Package microtype Info: No adjustment of tracking.
Package microtype Info: No adjustment of interword spacing.
Package microtype Info: No adjustment of character kerning.
 (/home/dkj/.TinyTeX/texmf-dist/tex/latex/microtype/mt-ptm.cfg
File: mt-ptm.cfg 2006/04/20 v1.7 microtype config. file: Times (RS)
)
*geometry* driver: auto-detecting
*geometry* detected driver: pdftex
*geometry* verbose mode - [ preamble ] result:
* driver: pdftex
* paper: custom
* layout: <same size as paper>
* layoutoffset:(h,v)=(0.0pt,0.0pt)
* modes: twoside 
* h-part:(L,W,R)=(45.5244pt, 506.45908pt, 45.5244pt)
* v-part:(T,H,B)=(34.1433pt, 665.7945pt, 85.35826pt)
* \paperwidth=597.50787pt
* \paperheight=785.29605pt
* \textwidth=506.45908pt
* \textheight=665.7945pt
* \oddsidemargin=-26.74559pt
* \evensidemargin=-26.74559pt
* \topmargin=-38.1267pt
* \headheight=0.0pt
* \headsep=0.0pt
* \topskip=10.0pt
* \footskip=30.0pt
* \marginparwidth=121.0pt
* \marginparsep=11.0pt
* \columnsep=17.07164pt
* \skip\footins=9.0pt plus 4.0pt minus 2.0pt
* \hoffset=0.0pt
* \voffset=0.0pt
* \mag=1000
* \@twocolumntrue
* \@twosidetrue
* \@mparswitchtrue
* \@reversemarginfalse
* (1in=72.27pt=25.4mm, 1cm=28.453pt)

LaTeX Info: Command `\dddot' is already robust on input line 28.
LaTeX Info: Command `\ddddot' is already robust on input line 28.
\c@lstlisting=\count476
Package epstopdf Info: Source file: <ijcs_template/Optimal-Design-layout/images/Wiley_logo.eps>
(epstopdf)                    date: 2025-02-04 03:23:07
(epstopdf)                    size: 413570 bytes
(epstopdf)             Output file: <ijcs_template/Optimal-Design-layout/images/Wiley_logo-eps-converted-to.pdf>
(epstopdf)                    date: 2025-02-04 03:23:07
(epstopdf)                    size: 10191 bytes
(epstopdf)             Command: <repstopdf --outfile=ijcs_template/Optimal-Design-layout/images/Wiley_logo-eps-converted-to.pdf ijcs_template/Optimal-Design-layout/images/Wiley_logo.eps>
(epstopdf)             \includegraphics on input line 51.
Package epstopdf Info: Output file is already uptodate.
<ijcs_template/Optimal-Design-layout/images/Wiley_logo-eps-converted-to.pdf, id=7, 611.28375pt x 127.47626pt>
File: ijcs_template/Optimal-Design-layout/images/Wiley_logo-eps-converted-to.pdf Graphic file (type pdf)
<use ijcs_template/Optimal-Design-layout/images/Wiley_logo-eps-converted-to.pdf>
Package pdftex.def Info: ijcs_template/Optimal-Design-layout/images/Wiley_logo-eps-converted-to.pdf  used on input line 51.
(pdftex.def)             Requested size: 75.3998pt x 15.72246pt.
Package epstopdf Info: Source file: <ijcs_template/Optimal-Design-layout/images/allergy.eps>
(epstopdf)                    date: 2025-02-04 03:23:05
(epstopdf)                    size: 1473554 bytes
(epstopdf)             Output file: <ijcs_template/Optimal-Design-layout/images/allergy-eps-converted-to.pdf>
(epstopdf)                    date: 2026-05-16 12:35:31
(epstopdf)                    size: 32417 bytes
(epstopdf)             Command: <repstopdf --outfile=ijcs_template/Optimal-Design-layout/images/allergy-eps-converted-to.pdf ijcs_template/Optimal-Design-layout/images/allergy.eps>
(epstopdf)             \includegraphics on input line 51.
Package epstopdf Info: Output file is already uptodate.
<ijcs_template/Optimal-Design-layout/images/allergy-eps-converted-to.pdf, id=8, 159.59625pt x 33.12375pt>
File: ijcs_template/Optimal-Design-layout/images/allergy-eps-converted-to.pdf Graphic file (type pdf)
<use ijcs_template/Optimal-Design-layout/images/allergy-eps-converted-to.pdf>
Package pdftex.def Info: ijcs_template/Optimal-Design-layout/images/allergy-eps-converted-to.pdf  used on input line 51.
(pdftex.def)             Requested size: 159.33542pt x 33.06956pt.
Package epstopdf Info: Source file: <ijcs_template/Optimal-Design-layout/images/openaccess.eps>
(epstopdf)                    date: 2025-02-04 03:23:06
(epstopdf)                    size: 1230946 bytes
(epstopdf)             Output file: <ijcs_template/Optimal-Design-layout/images/openaccess-eps-converted-to.pdf>
(epstopdf)                    date: 2025-02-04 03:23:06
(epstopdf)                    size: 14007 bytes
(epstopdf)             Command: <repstopdf --outfile=ijcs_template/Optimal-Design-layout/images/openaccess-eps-converted-to.pdf ijcs_template/Optimal-Design-layout/images/openaccess.eps>
(epstopdf)             \includegraphics on input line 51.
Package epstopdf Info: Output file is already uptodate.
<ijcs_template/Optimal-Design-layout/images/openaccess-eps-converted-to.pdf, id=9, 52.195pt x 12.045pt>
File: ijcs_template/Optimal-Design-layout/images/openaccess-eps-converted-to.pdf Graphic file (type pdf)
<use ijcs_template/Optimal-Design-layout/images/openaccess-eps-converted-to.pdf>
Package pdftex.def Info: ijcs_template/Optimal-Design-layout/images/openaccess-eps-converted-to.pdf  used on input line 51.
(pdftex.def)             Requested size: 50.58878pt x 11.67497pt.
LaTeX Font Info:    Trying to load font information for LS1+stix2scr on input line 51.
(/home/dkj/.TinyTeX/texmf-dist/tex/latex/stix2-type1/ls1stix2scr.fd
File: ls1stix2scr.fd 2018/04/02 v2.0.0-latex stix2 script LS1 font definitions
)
LaTeX Font Info:    Trying to load font information for LS2+stix2ex on input line 51.
 (/home/dkj/.TinyTeX/texmf-dist/tex/latex/stix2-type1/ls2stix2ex.fd
File: ls2stix2ex.fd 2018/04/02 v2.0.0-latex stix2 extentions LS2 font definitions
)
LaTeX Font Info:    Trying to load font information for LS1+stix2frak on input line 51.
 (/home/dkj/.TinyTeX/texmf-dist/tex/latex/stix2-type1/ls1stix2frak.fd
File: ls1stix2frak.fd 2018/04/02 v2.0.0-latex stix2 fraktur LS1 font definitions
)
LaTeX Font Info:    Trying to load font information for LS1+stix2bb on input line 51.
 (/home/dkj/.TinyTeX/texmf-dist/tex/latex/stix2-type1/ls1stix2bb.fd
File: ls1stix2bb.fd 2018/04/02 v2.0.0-latex stix2 blackboard LS1 font definitions
)
LaTeX Font Info:    Trying to load font information for LS2+stix2cal on input line 51.
 (/home/dkj/.TinyTeX/texmf-dist/tex/latex/stix2-type1/ls2stix2cal.fd
File: ls2stix2cal.fd 2018/04/02 v2.0.0-latex stix2 calligraphic LS2 font definitions
)
LaTeX Font Info:    Trying to load font information for LS1+stix2sf on input line 51.
 (/home/dkj/.TinyTeX/texmf-dist/tex/latex/stix2-type1/ls1stix2sf.fd
File: ls1stix2sf.fd 2018/04/02 v2.0.0-latex stix2 sans-serif LS1 font definitions
)
LaTeX Font Info:    Trying to load font information for LS2+stix2tt on input line 51.
 (/home/dkj/.TinyTeX/texmf-dist/tex/latex/stix2-type1/ls2stix2tt.fd
File: ls2stix2tt.fd 2018/04/02 v2.0.0-latex stix2 typewriter LS2 font definitions
)
LaTeX Font Info:    Trying to load font information for U+msa on input line 51.
 (/home/dkj/.TinyTeX/texmf-dist/tex/latex/amsfonts/umsa.fd
File: umsa.fd 2013/01/14 v3.01 AMS symbols A
) (/home/dkj/.TinyTeX/texmf-dist/tex/latex/microtype/mt-msa.cfg
File: mt-msa.cfg 2006/02/04 v1.1 microtype config. file: AMS symbols (a) (RS)
)
LaTeX Font Info:    Trying to load font information for U+msb on input line 51.
 (/home/dkj/.TinyTeX/texmf-dist/tex/latex/amsfonts/umsb.fd
File: umsb.fd 2013/01/14 v3.01 AMS symbols B
) (/home/dkj/.TinyTeX/texmf-dist/tex/latex/microtype/mt-msb.cfg
File: mt-msb.cfg 2005/06/01 v1.0 microtype config. file: AMS symbols (b) (RS)
)
LaTeX Font Info:    Calculating math sizes for size <7.5> on input line 51.
 (./sections/01_introduction.tex
Underfull \vbox (badness 10000) has occurred while \output is active []


Underfull \vbox (badness 10000) has occurred while \output is active []


Overfull \hbox (261.76537pt too wide) has occurred while \output is active
[][] 
 []


Overfull \vbox (49.76738pt too high) has occurred while \output is active []

 [1{/home/dkj/.TinyTeX/texmf-var/fonts/map/pdftex/updmap/pdftex.map}{/home/dkj/.TinyTeX/texmf-dist/fonts/enc/dvips/stix2-type1/stix2-t1.enc}{/home/dkj/.TinyTeX/texmf-dist/fonts/enc/dvips/stix2-type1/stix2-mathex.enc}{/home/dkj/.TinyTeX/texmf-dist/fonts/enc/dvips/stix2-type1/stix2-mathit.enc}{/home/dkj/.TinyTeX/texmf-dist/fonts/enc/dvips/stix2-type1/stix2-mathrm.enc}

\openout4 = `main.pag'.


 <./ijcs_template/Optimal-Design-layout/images/Wiley_logo-eps-converted-to.pdf> <./ijcs_template/Optimal-Design-layout/images/allergy-eps-converted-to.pdf> <./ijcs_template/Optimal-Design-layout/images/openaccess-eps-converted-to.pdf>]
*geometry* verbose mode - [ newgeometry ] result:
* driver: pdftex
* paper: custom
* layout: <same size as paper>
* layoutoffset:(h,v)=(0.0pt,0.0pt)
* modes: twoside 
* h-part:(L,W,R)=(71.70166pt, 418.25368pt, 107.55254pt)
* v-part:(T,H,B)=(34.1433pt, 699.9378pt, 51.21495pt)
* \paperwidth=597.50787pt
* \paperheight=785.29605pt
* \textwidth=418.25368pt
* \textheight=699.9378pt
* \oddsidemargin=-0.56833pt
* \evensidemargin=35.28255pt
* \topmargin=-38.1267pt
* \headheight=0.0pt
* \headsep=0.0pt
* \topskip=10.0pt
* \footskip=30.0pt
* \marginparwidth=121.0pt
* \marginparsep=11.0pt
* \columnsep=17.07164pt
* \skip\footins=9.0pt plus 4.0pt minus 2.0pt
* \hoffset=0.0pt
* \voffset=0.0pt
* \mag=1000
* \@twocolumnfalse
* \@twosidetrue
* \@mparswitchtrue
* \@reversemarginfalse
* (1in=72.27pt=25.4mm, 1cm=28.453pt)


Underfull \hbox (badness 2418) in paragraph at lines 8--9
[]\T1/stix2/m/n/9.03374 Digital twins are in-creas-ingly dis-cussed as en-ablers for au-
 []

<figures/dt_uav_joint_sync_secure_control_loop.pdf, id=55, 489.0812pt x 226.2051pt>
File: figures/dt_uav_joint_sync_secure_control_loop.pdf Graphic file (type pdf)
<use figures/dt_uav_joint_sync_secure_control_loop.pdf>
Package pdftex.def Info: figures/dt_uav_joint_sync_secure_control_loop.pdf  used on input line 14.
(pdftex.def)             Requested size: 465.94142pt x 215.508pt.
Package microtype Info: Loading generic protrusion settings for font family
(microtype)             `cmtt' (encoding: T1).
(microtype)             For optimal results, create family-specific settings.
(microtype)             See the microtype manual for details.

Underfull \hbox (badness 1132) in paragraph at lines 21--22
\T1/stix2/m/n/9.03374 ments, source power lev-els, and jam-ming power lev-els, and
 []


Underfull \vbox (badness 10000) has occurred while \output is active []

LaTeX Font Info:    Calculating math sizes for size <9.03374> on input line 28.
) (./sections/02_related_work.tex
Overfull \hbox (261.76537pt too wide) has occurred while \output is active
[]| 
 []

[2

]
Underfull \hbox (badness 1442) in paragraph at lines 17--18
[]\T1/stix2/m/n/9.03374 These works mo-ti-vate our use of tra-jec-tory, trans-mit power,
 []


Underfull \vbox (badness 10000) has occurred while \output is active []


Underfull \hbox (badness 1331) in paragraph at lines 24--25
\T1/stix2/m/n/9.03374 network AoI stud-ies reached sim-i-lar con-clu-sions for mo-bile
 []


Underfull \vbox (badness 10000) has occurred while \output is active []


Overfull \hbox (261.76537pt too wide) has occurred while \output is active
[]| 
 []

[3 <./figures/dt_uav_joint_sync_secure_control_loop.pdf>]) (./sections/03_system_model.tex
Underfull \hbox (badness 4096) in paragraph at lines 12--13
\T1/stix2/m/n/9.03374 For a hor-i-zon-tal transmitter-receiver pair $\LS1/stix2/m/n/9.03374 .\LS1/stix2/b/n/9.03374 x\LS1/stix2/m/it/9.03374 ; \LS1/stix2/b/n/9.03374 y\LS1/stix2/m/n/9.03374 /$\T1/stix2/m/n/9.03374 , the three-
 []


Underfull \vbox (badness 10000) has occurred while \output is active []


Overfull \hbox (261.76537pt too wide) has occurred while \output is active
[]| 
 []

[4{/home/dkj/.TinyTeX/texmf-dist/fonts/enc/dvips/stix2-type1/stix2-mathcal.enc}{/home/dkj/.TinyTeX/texmf-dist/fonts/enc/dvips/stix2-type1/stix2-mathrm-bold.enc}]
Underfull \hbox (badness 10000) in paragraph at lines 68--69
 []\T1/stix2/m/n/9.03374 average syn-chro-niza-tion cost, which mea-sures
 []

) (./sections/04_method.tex
Underfull \hbox (badness 10000) in paragraph at lines 8--9
[]\T1/stix2/m/n/9.03374 We im-ple-ment this idea through an empirical-risk-aware
 []


Underfull \hbox (badness 2073) in paragraph at lines 8--9
\T1/stix2/m/n/9.03374 roll-out con-troller. The roll-out con-troller searches over joint
 []


Underfull \hbox (badness 10000) in paragraph at lines 8--9
\T1/stix2/m/n/9.03374 synchronization-control ac-tions and eval-u-ates their short-
 []


Underfull \hbox (badness 3449) in paragraph at lines 8--9
\T1/stix2/m/n/9.03374 horizon con-se-quences. The fit-ted risk es-ti-ma-tor sup-plies a
 []


Underfull \hbox (badness 3148) in paragraph at lines 8--9
\T1/stix2/m/n/9.03374 penalty and dis-cour-ages can-di-date ac-tions whose pre-dicted
 []


Underfull \hbox (badness 1242) in paragraph at lines 26--28
\T1/stix2/m/n/9.03374 where $\LS1/stix2/m/it/9.03374 c[]$ \T1/stix2/m/n/9.03374 is de-ter-mined on held-out cal-i-bra-tion traces. The
 []


Underfull \hbox (badness 1019) in paragraph at lines 26--28
\T1/stix2/m/n/9.03374 the claim made here is de-lib-er-ately nar-rower than a for-mal
 []


Overfull \hbox (261.76537pt too wide) has occurred while \output is active
[]| 
 []

[5{/home/dkj/.TinyTeX/texmf-dist/fonts/enc/dvips/stix2-type1/stix2-mathbb.enc}{/home/dkj/.TinyTeX/texmf-dist/fonts/enc/dvips/stix2-type1/stix2-mathsf.enc}]
Package hyperref Info: bookmark level for unknown algorithm defaults to 0 on input line 57.

Underfull \hbox (badness 10000) in paragraph at lines 60--61
[]\T1/cmtt/m/n/9 Observe twin state, remaining synchronization
 []


Underfull \hbox (badness 10000) in paragraph at lines 61--62
[]\T1/cmtt/m/n/9 Build feasible synchronization, movement,
 []

LaTeX Font Info:    Font shape `T1/cmtt/bx/n' in size <9.03374> not available
(Font)              Font shape `T1/cmtt/m/n' tried instead on input line 62.

Underfull \hbox (badness 10000) in paragraph at lines 63--64
[] \T1/cmtt/m/n/9 Predict the next twin state and physical
 []


Underfull \hbox (badness 10000) in paragraph at lines 64--65
[] \T1/cmtt/m/n/9 Compute predicted secrecy rate, outage
 []


Underfull \hbox (badness 10000) in paragraph at lines 66--67
[] \T1/cmtt/m/n/9 Estimate finite-horizon rollout value with
 []


Underfull \hbox (badness 10000) in paragraph at lines 68--69
[]\T1/cmtt/m/n/9 Select the action with the largest
 []


Underfull \hbox (badness 10000) in paragraph at lines 69--70
[]\T1/cmtt/m/n/9 Apply the selected action in the simulator and
 []


Underfull \hbox (badness 1377) in paragraph at lines 77--78
\T1/stix2/m/n/9.03374 in-ex-pen-sive. \T1/cmtt/m/n/9 security_risk \T1/stix2/m/n/9.03374 trig-gers syn-chro-niza-tion with a
 []


Underfull \hbox (badness 10000) in paragraph at lines 81--82
[]\T1/stix2/m/n/9.03374 The strength-en-ing suite in-cludes ad-di-tional di-ag-nos-tic
 []


Underfull \hbox (badness 5288) in paragraph at lines 81--82
\T1/stix2/m/n/9.03374 vari-ants. \T1/cmtt/m/n/9 oracle_sync \T1/stix2/m/n/9.03374 uses the true Eve state in-side the
 []


Underfull \hbox (badness 3229) in paragraph at lines 81--82
\T1/stix2/m/n/9.03374 roll-out score and is treated as an upper-reference method.
 []


Underfull \hbox (badness 3250) in paragraph at lines 81--82
\T1/cmtt/m/n/9 rollout_fixed_periodic \T1/stix2/m/n/9.03374 keeps roll-out mo-tion and power
 []


Underfull \hbox (badness 3281) in paragraph at lines 81--82
\T1/stix2/m/n/9.03374 syn-chro-niza-tion. \T1/cmtt/m/n/9 no_twin \T1/stix2/m/n/9.03374 dis-ables ef-fec-tive twin pre-dic-tion,
 []


Underfull \hbox (badness 1137) in paragraph at lines 81--82
\T1/stix2/m/n/9.03374 gain comes from roll-out search alone or from the joint use
 []

) (./sections/05_experiments.tex
Underfull \hbox (badness 10000) in paragraph at lines 6--7
\T1/stix2/m/n/9.03374 All nu-mer-i-cal re-sults re-ported in this section are gen-
 []


Underfull \hbox (badness 10000) in paragraph at lines 6--7
\T1/stix2/m/n/9.03374 er-ated by the project sim-u-la-tor and stored un-der
 []


Underfull \hbox (badness 7362) in paragraph at lines 10--11
 []\T1/cmtt/m/n/9 scenario_stress_holdoutfit\T1/stix2/m/n/9.03374 : 160-slot episodes, syn-
 []


Underfull \hbox (badness 10000) in paragraph at lines 12--13
\T1/stix2/m/n/9.03374 The main multi-seed table uses 20 seeds and com-
 []


Underfull \hbox (badness 10000) in paragraph at lines 12--13
\T1/stix2/m/n/9.03374 pares \T1/cmtt/m/n/9 rollout_joint\T1/stix2/m/n/9.03374 , \T1/cmtt/m/n/9 periodic\T1/stix2/m/n/9.03374 , \T1/cmtt/m/n/9 security_risk\T1/stix2/m/n/9.03374 , and
 []


Underfull \hbox (badness 1137) in paragraph at lines 12--13
\T1/cmtt/m/n/9 security_margin\T1/stix2/m/n/9.03374 . Ad-di-tional stress-scenario stud-ies use the
 []


Underfull \hbox (badness 1859) in paragraph at lines 12--13
\T1/stix2/m/n/9.03374 the nu-mer-i-cal com-par-isons be-low are matched in-simulator
 []


Overfull \hbox (261.76537pt too wide) has occurred while \output is active
[]| 
 []

[6]
Underfull \hbox (badness 10000) detected at line 22
[]
 []

<figures/main_results_secrecy_outage.pdf, id=200, 505.2545pt x 192.30846pt>
File: figures/main_results_secrecy_outage.pdf Graphic file (type pdf)
<use figures/main_results_secrecy_outage.pdf>
Package pdftex.def Info: figures/main_results_secrecy_outage.pdf  used on input line 51.
(pdftex.def)             Requested size: 465.94142pt x 177.34554pt.

Underfull \hbox (badness 1997) in paragraph at lines 56--57
\T1/stix2/m/n/9.03374 the hard sce-nario, the secrecy-rate gain in-creases to 0.1626
 []


Underfull \hbox (badness 1152) in paragraph at lines 56--57
\T1/stix2/m/n/9.03374 1.2540 and re-duces out-age from 0.6434 to 0.4294 rel-a-tive to
 []


Underfull \hbox (badness 1552) in paragraph at lines 60--61
\T1/stix2/m/n/9.03374 Because the stress out-age thresh-old was cal-i-brated to avoid
 []


Underfull \hbox (badness 7595) in paragraph at lines 60--61
\T1/stix2/m/n/9.03374 a de-gen-er-ate all-outage regime, we also sweep $\LS1/stix2/m/it/9.03374 R[] \LS1/stix2/m/n/9.03374 Ë
 []

<figures/rmin_sweep_stress.pdf, id=202, 500.0946pt x 195.97015pt>
File: figures/rmin_sweep_stress.pdf Graphic file (type pdf)
<use figures/rmin_sweep_stress.pdf>
Package pdftex.def Info: figures/rmin_sweep_stress.pdf  used on input line 64.
(pdftex.def)             Requested size: 445.68645pt x 174.65808pt.
<figures/risk_estimator_validation.pdf, id=205, 354.98372pt x 198.2411pt>
File: figures/risk_estimator_validation.pdf Graphic file (type pdf)
<use figures/risk_estimator_validation.pdf>
Package pdftex.def Info: figures/risk_estimator_validation.pdf  used on input line 91.
(pdftex.def)             Requested size: 239.79878pt x 133.91887pt.

Underfull \hbox (badness 1147) in paragraph at lines 96--97
\T1/stix2/m/n/9.03374 dis-tri-bu-tions, not as de-cou-pled out-of-distribution gen-er-al-iza-
 []


Underfull \hbox (badness 10000) detected at line 104
[]
 []


Underfull \hbox (badness 1237) in paragraph at lines 118--119
[]\T1/stix2/m/n/9.03374 We sep-a-rately re-port a lightweight PPO di-ag-nos-tic run. The
 []

<figures/ppo_training_curve.pdf, id=208, 370.05565pt x 189.97852pt>
File: figures/ppo_training_curve.pdf Graphic file (type pdf)
<use figures/ppo_training_curve.pdf>
Package pdftex.def Info: figures/ppo_training_curve.pdf  used on input line 122.
(pdftex.def)             Requested size: 239.79878pt x 123.10771pt.

Underfull \hbox (badness 6284) in paragraph at lines 123--123
[]\T1/stix2/b/n/8 FIGURE 5 \T1/stix2/m/n/8 |  Lightweight PPO di-ag-nos-tic train-ing curve from
 []


Underfull \hbox (badness 10000) in paragraph at lines 123--123
\T1/cmtt/m/n/8 drl_ppo_200ep_5seed_stress_holdoutfit/training_log.csv\T1/stix2/m/n/8 .
 []


Underfull \hbox (badness 1033) in paragraph at lines 129--130
\T1/stix2/m/n/9.03374 en-ing suite. The oracle-state roll-out achieves the best re-sult,
 []


Underfull \hbox (badness 10000) detected at line 133
[]
 []

<figures/stress_strengthening_suite.pdf, id=211, 514.89238pt x 226.42969pt>
File: figures/stress_strengthening_suite.pdf Graphic file (type pdf)
<use figures/stress_strengthening_suite.pdf>
Package pdftex.def Info: figures/stress_strengthening_suite.pdf  used on input line 153.
(pdftex.def)             Requested size: 486.2041pt x 213.81824pt.
<figures/small_mdp_trace.pdf, id=213, 471.29701pt x 197.3851pt>
File: figures/small_mdp_trace.pdf Graphic file (type pdf)
<use figures/small_mdp_trace.pdf>
Package pdftex.def Info: figures/small_mdp_trace.pdf  used on input line 164.
(pdftex.def)             Requested size: 239.79878pt x 100.43315pt.

Underfull \hbox (badness 10000) in paragraph at lines 165--165
[]\T1/stix2/b/n/8 FIGURE 7 \T1/stix2/m/n/8 |  Small exact-DP sanity-check trace from
 []

) (./sections/06_discussion.tex
Underfull \hbox (badness 1132) in paragraph at lines 171--1
\T1/stix2/m/n/9.03374 The main lim-i-ta-tion of the pro-posed method is run-time. In
 []


Overfull \hbox (261.76537pt too wide) has occurred while \output is active
[]| 
 []

[7]
Underfull \hbox (badness 2591) in paragraph at lines 12--13
\T1/stix2/m/n/9.03374 The oracle-state roll-out es-tab-lishes that bet-ter eaves-drop-per
 []


Underfull \hbox (badness 2653) in paragraph at lines 12--13
\T1/stix2/m/n/9.03374 state in-for-ma-tion can sub-stan-tially re-duce out-age. The gap
 []


Underfull \hbox (badness 4120) in paragraph at lines 12--13
\T1/stix2/m/n/9.03374 be-tween \T1/cmtt/m/n/9 oracle_sync \T1/stix2/m/n/9.03374 and \T1/cmtt/m/n/9 rollout_joint \T1/stix2/m/n/9.03374 there-fore quan-
 []


Underfull \hbox (badness 6592) in paragraph at lines 12--13
\T1/stix2/m/n/9.03374 ti-fies re-main-ing room for im-prove-ment in twin ac-cu-racy,
 []


Underfull \hbox (badness 4713) in paragraph at lines 12--13
\T1/stix2/m/n/9.03374 syn-chro-niza-tion re-li-a-bil-ity, and con-trol ap-prox-i-ma-tion. The
 []


Underfull \vbox (badness 10000) has occurred while \output is active []


Overfull \hbox (261.76537pt too wide) has occurred while \output is active
[]| 
 []

[8 <./figures/main_results_secrecy_outage.pdf>]
Underfull \vbox (badness 10000) has occurred while \output is active []


Underfull \vbox (badness 10000) has occurred while \output is active []


Overfull \hbox (261.76537pt too wide) has occurred while \output is active
[]| 
 []

[9 <./figures/rmin_sweep_stress.pdf> <./figures/risk_estimator_validation.pdf> <./figures/ppo_training_curve.pdf>]) (./sections/07_conclusion.tex
Overfull \hbox (261.76537pt too wide) has occurred while \output is active
[]| 
 []

[10 <./figures/stress_strengthening_suite.pdf> <./figures/small_mdp_trace.pdf>]
Underfull \hbox (badness 1331) in paragraph at lines 6--7
[]\T1/stix2/m/n/9.03374 The fi-nal re-sults sup-port the value of joint synchronization-
 []

)
Underfull \hbox (badness 2809) in paragraph at lines 74--75
\T1/stix2/m/n/9.03374 in this manuscript are de-rived from the re-sult files un-der
 []

(./main.bbl
LaTeX Font Info:    Calculating math sizes for size <8.5> on input line 12.

Underfull \hbox (badness 3128) in paragraph at lines 15--19
\T1/stix2/m/it/8.5 tion\T1/stix2/m/n/8.5 .  Cam-bridge Uni-ver-sity Press, 2004.  doi: $10 . 1017 /
 []


Underfull \hbox (badness 8000) in paragraph at lines 105--109
\T1/stix2/m/n/8.5 Pas-cal Lorenz, Mo-hammed Atiquz-za-man, and Ab-bas Ja-
 []


Underfull \vbox (badness 10000) has occurred while \output is active []


Overfull \hbox (261.76537pt too wide) has occurred while \output is active
[]| 
 []

[11]
Underfull \hbox (badness 1371) in paragraph at lines 116--120
\T1/stix2/m/n/8.5 Changchun Gao.  Aerial co-op-er-a-tive jam-ming for cellular-
 []


Underfull \hbox (badness 10000) in paragraph at lines 134--138
[]\T1/stix2/m/n/8.5 Zhiqiang Wei, Fan Liu, Chang Liu, Zai Yang, Der-rick
 []


Underfull \hbox (badness 1681) in paragraph at lines 146--150
[]\T1/stix2/m/n/8.5 Zhaohui Yang, Mingzhe Chen, Yuchen Liu, and Zhaoyang
 []


Underfull \hbox (badness 1681) in paragraph at lines 152--156
[]\T1/stix2/m/n/8.5 Zhaohui Yang, Mingzhe Chen, Yuchen Liu, and Zhaoyang
 []

)
Overfull \hbox (261.76537pt too wide) has occurred while \output is active
[]| 
 []

[12

] (./main.aux)
 ***********
LaTeX2e <2025-11-01>
L3 programming layer <2026-04-28>
 ***********
 ) 
Here is how much of TeX's memory you used:
 36529 strings out of 469288
 663267 string characters out of 5465295
 1075682 words of memory out of 5000000
 64611 multiletter control sequences out of 15000+600000
 857594 words of font info for 262 fonts, out of 8000000 for 9000
 62 hyphenation exceptions out of 8191
 113i,10n,122p,2370b,703s stack positions out of 10000i,1000n,20000p,200000b,200000s
 </home/dkj/.TinyTeX/texmf-var/fonts/pk/ljfour/jknappen/ec/ectt0800.600pk> </home/dkj/.TinyTeX/texmf-var/fonts/pk/ljfour/jknappen/ec/ectt0800.525pk> </home/dkj/.TinyTeX/texmf-var/fonts/pk/ljfour/jknappen/ec/ectt0900.602pk></home/dkj/.TinyTeX/texmf-dist/fonts/type1/public/stix2-type1/STIX2Math.pfb></home/dkj/.TinyTeX/texmf-dist/fonts/type1/public/stix2-type1/STIX2Text-Bold.pfb></home/dkj/.TinyTeX/texmf-dist/fonts/type1/public/stix2-type1/STIX2Text-BoldItalic.pfb></home/dkj/.TinyTeX/texmf-dist/fonts/type1/public/stix2-type1/STIX2Text-Italic.pfb></home/dkj/.TinyTeX/texmf-dist/fonts/type1/public/stix2-type1/STIX2Text-Regular.pfb>
Output written on main.pdf (12 pages, 1018264 bytes).
PDF statistics:
 599 PDF objects out of 1000 (max. 8388607)
 434 compressed objects within 5 object streams
 107 named destinations out of 1000 (max. 500000)
 11615 words of extra memory for PDF output out of 12000 (max. 10000000)

